<?xml version="1.0"?>
<link_info>
   <banner>TI ARM Linker PC v16.9.0.LTS</banner>
   <copyright>Copyright (c) 1996-2015 Texas Instruments Incorporated</copyright>
   <link_time>0x59028697</link_time>
   <link_errors>0x0</link_errors>
   <output_file>boostxl_sensors_sensorGui_msp432p401r_MSP_EXP432P401R_nortos_ccs.out</output_file>
   <entry_point>
      <name>_c_int00</name>
      <address>0x9ddd</address>
   </entry_point>
   <input_file_list>
      <input_file id="fl-2">
         <path>.\</path>
         <kind>object</kind>
         <file>system_msp432p401r.obj</file>
         <name>system_msp432p401r.obj</name>
      </input_file>
      <input_file id="fl-3">
         <path>.\ccs\</path>
         <kind>object</kind>
         <file>startup_msp432p401r_ccs.obj</file>
         <name>startup_msp432p401r_ccs.obj</name>
      </input_file>
      <input_file id="fl-4">
         <path>.\src\</path>
         <kind>object</kind>
         <file>bme280.obj</file>
         <name>bme280.obj</name>
      </input_file>
      <input_file id="fl-5">
         <path>.\src\</path>
         <kind>object</kind>
         <file>bme280_support.obj</file>
         <name>bme280_support.obj</name>
      </input_file>
      <input_file id="fl-6">
         <path>.\src\</path>
         <kind>object</kind>
         <file>bmi160.obj</file>
         <name>bmi160.obj</name>
      </input_file>
      <input_file id="fl-7">
         <path>.\src\</path>
         <kind>object</kind>
         <file>bmi160_support.obj</file>
         <name>bmi160_support.obj</name>
      </input_file>
      <input_file id="fl-8">
         <path>.\src\</path>
         <kind>object</kind>
         <file>demo_sysctl.obj</file>
         <name>demo_sysctl.obj</name>
      </input_file>
      <input_file id="fl-9">
         <path>.\src\</path>
         <kind>object</kind>
         <file>i2c_driver.obj</file>
         <name>i2c_driver.obj</name>
      </input_file>
      <input_file id="fl-a">
         <path>.\src\</path>
         <kind>object</kind>
         <file>main.obj</file>
         <name>main.obj</name>
      </input_file>
      <input_file id="fl-b">
         <path>.\src\</path>
         <kind>object</kind>
         <file>opt3001.obj</file>
         <name>opt3001.obj</name>
      </input_file>
      <input_file id="fl-c">
         <path>.\src\</path>
         <kind>object</kind>
         <file>timer_a_pwm_mode.obj</file>
         <name>timer_a_pwm_mode.obj</name>
      </input_file>
      <input_file id="fl-d">
         <path>.\src\</path>
         <kind>object</kind>
         <file>tmp007.obj</file>
         <name>tmp007.obj</name>
      </input_file>
      <input_file id="fl-e">
         <path>.\src\</path>
         <kind>object</kind>
         <file>uart_driver.obj</file>
         <name>uart_driver.obj</name>
      </input_file>
      <input_file id="fl-14">
         <path>C:\ti\tirex-content\simplelink_msp432_sdk_1_20_00_45\source\ti\devices\msp432p4xx\driverlib\ccs\</path>
         <kind>archive</kind>
         <file>msp432p4xx_driverlib.lib</file>
         <name>cs.o</name>
      </input_file>
      <input_file id="fl-15">
         <path>C:\ti\tirex-content\simplelink_msp432_sdk_1_20_00_45\source\ti\devices\msp432p4xx\driverlib\ccs\</path>
         <kind>archive</kind>
         <file>msp432p4xx_driverlib.lib</file>
         <name>gpio.o</name>
      </input_file>
      <input_file id="fl-16">
         <path>C:\ti\tirex-content\simplelink_msp432_sdk_1_20_00_45\source\ti\devices\msp432p4xx\driverlib\ccs\</path>
         <kind>archive</kind>
         <file>msp432p4xx_driverlib.lib</file>
         <name>interrupt.o</name>
      </input_file>
      <input_file id="fl-17">
         <path>C:\ti\tirex-content\simplelink_msp432_sdk_1_20_00_45\source\ti\devices\msp432p4xx\driverlib\ccs\</path>
         <kind>archive</kind>
         <file>msp432p4xx_driverlib.lib</file>
         <name>sysctl.o</name>
      </input_file>
      <input_file id="fl-18">
         <path>C:\ti\tirex-content\simplelink_msp432_sdk_1_20_00_45\source\ti\devices\msp432p4xx\driverlib\ccs\</path>
         <kind>archive</kind>
         <file>msp432p4xx_driverlib.lib</file>
         <name>uart.o</name>
      </input_file>
      <input_file id="fl-19">
         <path>C:\ti\tirex-content\simplelink_msp432_sdk_1_20_00_45\source\ti\devices\msp432p4xx\driverlib\ccs\</path>
         <kind>archive</kind>
         <file>msp432p4xx_driverlib.lib</file>
         <name>cpu.o</name>
      </input_file>
      <input_file id="fl-cf">
         <path>D:\ti\ccsv7\tools\compiler\ti-cgt-arm_16.9.0.LTS\lib\</path>
         <kind>archive</kind>
         <file>rtsv7M4_T_le_v4SPD16_eabi.lib</file>
         <name>boot.obj</name>
      </input_file>
      <input_file id="fl-d0">
         <path>D:\ti\ccsv7\tools\compiler\ti-cgt-arm_16.9.0.LTS\lib\</path>
         <kind>archive</kind>
         <file>rtsv7M4_T_le_v4SPD16_eabi.lib</file>
         <name>copy_decompress_lzss.obj</name>
      </input_file>
      <input_file id="fl-d1">
         <path>D:\ti\ccsv7\tools\compiler\ti-cgt-arm_16.9.0.LTS\lib\</path>
         <kind>archive</kind>
         <file>rtsv7M4_T_le_v4SPD16_eabi.lib</file>
         <name>copy_decompress_none.obj</name>
      </input_file>
      <input_file id="fl-d2">
         <path>D:\ti\ccsv7\tools\compiler\ti-cgt-arm_16.9.0.LTS\lib\</path>
         <kind>archive</kind>
         <file>rtsv7M4_T_le_v4SPD16_eabi.lib</file>
         <name>copy_zero_init.obj</name>
      </input_file>
      <input_file id="fl-d3">
         <path>D:\ti\ccsv7\tools\compiler\ti-cgt-arm_16.9.0.LTS\lib\</path>
         <kind>archive</kind>
         <file>rtsv7M4_T_le_v4SPD16_eabi.lib</file>
         <name>exit.obj</name>
      </input_file>
      <input_file id="fl-d4">
         <path>D:\ti\ccsv7\tools\compiler\ti-cgt-arm_16.9.0.LTS\lib\</path>
         <kind>archive</kind>
         <file>rtsv7M4_T_le_v4SPD16_eabi.lib</file>
         <name>fd_add_t2.obj</name>
      </input_file>
      <input_file id="fl-d5">
         <path>D:\ti\ccsv7\tools\compiler\ti-cgt-arm_16.9.0.LTS\lib\</path>
         <kind>archive</kind>
         <file>rtsv7M4_T_le_v4SPD16_eabi.lib</file>
         <name>fd_cmp_t2.obj</name>
      </input_file>
      <input_file id="fl-d6">
         <path>D:\ti\ccsv7\tools\compiler\ti-cgt-arm_16.9.0.LTS\lib\</path>
         <kind>archive</kind>
         <file>rtsv7M4_T_le_v4SPD16_eabi.lib</file>
         <name>fd_div_t2.obj</name>
      </input_file>
      <input_file id="fl-d7">
         <path>D:\ti\ccsv7\tools\compiler\ti-cgt-arm_16.9.0.LTS\lib\</path>
         <kind>archive</kind>
         <file>rtsv7M4_T_le_v4SPD16_eabi.lib</file>
         <name>fd_mul_t2.obj</name>
      </input_file>
      <input_file id="fl-d8">
         <path>D:\ti\ccsv7\tools\compiler\ti-cgt-arm_16.9.0.LTS\lib\</path>
         <kind>archive</kind>
         <file>rtsv7M4_T_le_v4SPD16_eabi.lib</file>
         <name>fd_toi_t2.obj</name>
      </input_file>
      <input_file id="fl-d9">
         <path>D:\ti\ccsv7\tools\compiler\ti-cgt-arm_16.9.0.LTS\lib\</path>
         <kind>archive</kind>
         <file>rtsv7M4_T_le_v4SPD16_eabi.lib</file>
         <name>fd_tos_t2.obj</name>
      </input_file>
      <input_file id="fl-da">
         <path>D:\ti\ccsv7\tools\compiler\ti-cgt-arm_16.9.0.LTS\lib\</path>
         <kind>archive</kind>
         <file>rtsv7M4_T_le_v4SPD16_eabi.lib</file>
         <name>fd_tou_t2.obj</name>
      </input_file>
      <input_file id="fl-db">
         <path>D:\ti\ccsv7\tools\compiler\ti-cgt-arm_16.9.0.LTS\lib\</path>
         <kind>archive</kind>
         <file>rtsv7M4_T_le_v4SPD16_eabi.lib</file>
         <name>fs_tod_t2.obj</name>
      </input_file>
      <input_file id="fl-dc">
         <path>D:\ti\ccsv7\tools\compiler\ti-cgt-arm_16.9.0.LTS\lib\</path>
         <kind>archive</kind>
         <file>rtsv7M4_T_le_v4SPD16_eabi.lib</file>
         <name>i_tofd_t2.obj</name>
      </input_file>
      <input_file id="fl-dd">
         <path>D:\ti\ccsv7\tools\compiler\ti-cgt-arm_16.9.0.LTS\lib\</path>
         <kind>archive</kind>
         <file>rtsv7M4_T_le_v4SPD16_eabi.lib</file>
         <name>ll_div_t2.obj</name>
      </input_file>
      <input_file id="fl-de">
         <path>D:\ti\ccsv7\tools\compiler\ti-cgt-arm_16.9.0.LTS\lib\</path>
         <kind>archive</kind>
         <file>rtsv7M4_T_le_v4SPD16_eabi.lib</file>
         <name>ll_mul_t2.obj</name>
      </input_file>
      <input_file id="fl-df">
         <path>D:\ti\ccsv7\tools\compiler\ti-cgt-arm_16.9.0.LTS\lib\</path>
         <kind>archive</kind>
         <file>rtsv7M4_T_le_v4SPD16_eabi.lib</file>
         <name>memcpy_t2.obj</name>
      </input_file>
      <input_file id="fl-e0">
         <path>D:\ti\ccsv7\tools\compiler\ti-cgt-arm_16.9.0.LTS\lib\</path>
         <kind>archive</kind>
         <file>rtsv7M4_T_le_v4SPD16_eabi.lib</file>
         <name>memset_t2.obj</name>
      </input_file>
      <input_file id="fl-e1">
         <path>D:\ti\ccsv7\tools\compiler\ti-cgt-arm_16.9.0.LTS\lib\</path>
         <kind>archive</kind>
         <file>rtsv7M4_T_le_v4SPD16_eabi.lib</file>
         <name>mpu_init.obj</name>
      </input_file>
      <input_file id="fl-e2">
         <path>D:\ti\ccsv7\tools\compiler\ti-cgt-arm_16.9.0.LTS\lib\</path>
         <kind>archive</kind>
         <file>rtsv7M4_T_le_v4SPD16_eabi.lib</file>
         <name>printf.obj</name>
      </input_file>
      <input_file id="fl-e3">
         <path>D:\ti\ccsv7\tools\compiler\ti-cgt-arm_16.9.0.LTS\lib\</path>
         <kind>archive</kind>
         <file>rtsv7M4_T_le_v4SPD16_eabi.lib</file>
         <name>s_exp2.obj</name>
      </input_file>
      <input_file id="fl-e4">
         <path>D:\ti\ccsv7\tools\compiler\ti-cgt-arm_16.9.0.LTS\lib\</path>
         <kind>archive</kind>
         <file>rtsv7M4_T_le_v4SPD16_eabi.lib</file>
         <name>snprintf.obj</name>
      </input_file>
      <input_file id="fl-e5">
         <path>D:\ti\ccsv7\tools\compiler\ti-cgt-arm_16.9.0.LTS\lib\</path>
         <kind>archive</kind>
         <file>rtsv7M4_T_le_v4SPD16_eabi.lib</file>
         <name>stkdepth_vars.obj</name>
      </input_file>
      <input_file id="fl-e6">
         <path>D:\ti\ccsv7\tools\compiler\ti-cgt-arm_16.9.0.LTS\lib\</path>
         <kind>archive</kind>
         <file>rtsv7M4_T_le_v4SPD16_eabi.lib</file>
         <name>strlen.obj</name>
      </input_file>
      <input_file id="fl-e7">
         <path>D:\ti\ccsv7\tools\compiler\ti-cgt-arm_16.9.0.LTS\lib\</path>
         <kind>archive</kind>
         <file>rtsv7M4_T_le_v4SPD16_eabi.lib</file>
         <name>strncpy.obj</name>
      </input_file>
      <input_file id="fl-e8">
         <path>D:\ti\ccsv7\tools\compiler\ti-cgt-arm_16.9.0.LTS\lib\</path>
         <kind>archive</kind>
         <file>rtsv7M4_T_le_v4SPD16_eabi.lib</file>
         <name>u_tofd_t2.obj</name>
      </input_file>
      <input_file id="fl-e9">
         <path>D:\ti\ccsv7\tools\compiler\ti-cgt-arm_16.9.0.LTS\lib\</path>
         <kind>archive</kind>
         <file>rtsv7M4_T_le_v4SPD16_eabi.lib</file>
         <name>_lock.obj</name>
      </input_file>
      <input_file id="fl-ea">
         <path>D:\ti\ccsv7\tools\compiler\ti-cgt-arm_16.9.0.LTS\lib\</path>
         <kind>archive</kind>
         <file>rtsv7M4_T_le_v4SPD16_eabi.lib</file>
         <name>_printfi.obj</name>
      </input_file>
      <input_file id="fl-eb">
         <path>D:\ti\ccsv7\tools\compiler\ti-cgt-arm_16.9.0.LTS\lib\</path>
         <kind>archive</kind>
         <file>rtsv7M4_T_le_v4SPD16_eabi.lib</file>
         <name>args_main.obj</name>
      </input_file>
      <input_file id="fl-ec">
         <path>D:\ti\ccsv7\tools\compiler\ti-cgt-arm_16.9.0.LTS\lib\</path>
         <kind>archive</kind>
         <file>rtsv7M4_T_le_v4SPD16_eabi.lib</file>
         <name>atoi.obj</name>
      </input_file>
      <input_file id="fl-ed">
         <path>D:\ti\ccsv7\tools\compiler\ti-cgt-arm_16.9.0.LTS\lib\</path>
         <kind>archive</kind>
         <file>rtsv7M4_T_le_v4SPD16_eabi.lib</file>
         <name>autoinit.obj</name>
      </input_file>
      <input_file id="fl-ee">
         <path>D:\ti\ccsv7\tools\compiler\ti-cgt-arm_16.9.0.LTS\lib\</path>
         <kind>archive</kind>
         <file>rtsv7M4_T_le_v4SPD16_eabi.lib</file>
         <name>cpy_tbl.obj</name>
      </input_file>
      <input_file id="fl-ef">
         <path>D:\ti\ccsv7\tools\compiler\ti-cgt-arm_16.9.0.LTS\lib\</path>
         <kind>archive</kind>
         <file>rtsv7M4_T_le_v4SPD16_eabi.lib</file>
         <name>ctype.obj</name>
      </input_file>
      <input_file id="fl-f0">
         <path>D:\ti\ccsv7\tools\compiler\ti-cgt-arm_16.9.0.LTS\lib\</path>
         <kind>archive</kind>
         <file>rtsv7M4_T_le_v4SPD16_eabi.lib</file>
         <name>defs.obj</name>
      </input_file>
      <input_file id="fl-f1">
         <path>D:\ti\ccsv7\tools\compiler\ti-cgt-arm_16.9.0.LTS\lib\</path>
         <kind>archive</kind>
         <file>rtsv7M4_T_le_v4SPD16_eabi.lib</file>
         <name>errno.obj</name>
      </input_file>
      <input_file id="fl-f2">
         <path>D:\ti\ccsv7\tools\compiler\ti-cgt-arm_16.9.0.LTS\lib\</path>
         <kind>archive</kind>
         <file>rtsv7M4_T_le_v4SPD16_eabi.lib</file>
         <name>fputc.obj</name>
      </input_file>
      <input_file id="fl-f3">
         <path>D:\ti\ccsv7\tools\compiler\ti-cgt-arm_16.9.0.LTS\lib\</path>
         <kind>archive</kind>
         <file>rtsv7M4_T_le_v4SPD16_eabi.lib</file>
         <name>fputs.obj</name>
      </input_file>
      <input_file id="fl-f4">
         <path>D:\ti\ccsv7\tools\compiler\ti-cgt-arm_16.9.0.LTS\lib\</path>
         <kind>archive</kind>
         <file>rtsv7M4_T_le_v4SPD16_eabi.lib</file>
         <name>l_div0.obj</name>
      </input_file>
      <input_file id="fl-f5">
         <path>D:\ti\ccsv7\tools\compiler\ti-cgt-arm_16.9.0.LTS\lib\</path>
         <kind>archive</kind>
         <file>rtsv7M4_T_le_v4SPD16_eabi.lib</file>
         <name>lowlev.obj</name>
      </input_file>
      <input_file id="fl-f6">
         <path>D:\ti\ccsv7\tools\compiler\ti-cgt-arm_16.9.0.LTS\lib\</path>
         <kind>archive</kind>
         <file>rtsv7M4_T_le_v4SPD16_eabi.lib</file>
         <name>ltoa.obj</name>
      </input_file>
      <input_file id="fl-f7">
         <path>D:\ti\ccsv7\tools\compiler\ti-cgt-arm_16.9.0.LTS\lib\</path>
         <kind>archive</kind>
         <file>rtsv7M4_T_le_v4SPD16_eabi.lib</file>
         <name>memccpy.obj</name>
      </input_file>
      <input_file id="fl-f8">
         <path>D:\ti\ccsv7\tools\compiler\ti-cgt-arm_16.9.0.LTS\lib\</path>
         <kind>archive</kind>
         <file>rtsv7M4_T_le_v4SPD16_eabi.lib</file>
         <name>memchr.obj</name>
      </input_file>
      <input_file id="fl-f9">
         <path>D:\ti\ccsv7\tools\compiler\ti-cgt-arm_16.9.0.LTS\lib\</path>
         <kind>archive</kind>
         <file>rtsv7M4_T_le_v4SPD16_eabi.lib</file>
         <name>s_frexp.obj</name>
      </input_file>
      <input_file id="fl-fa">
         <path>D:\ti\ccsv7\tools\compiler\ti-cgt-arm_16.9.0.LTS\lib\</path>
         <kind>archive</kind>
         <file>rtsv7M4_T_le_v4SPD16_eabi.lib</file>
         <name>s_scalbn.obj</name>
      </input_file>
      <input_file id="fl-fb">
         <path>D:\ti\ccsv7\tools\compiler\ti-cgt-arm_16.9.0.LTS\lib\</path>
         <kind>archive</kind>
         <file>rtsv7M4_T_le_v4SPD16_eabi.lib</file>
         <name>startup.obj</name>
      </input_file>
      <input_file id="fl-fc">
         <path>D:\ti\ccsv7\tools\compiler\ti-cgt-arm_16.9.0.LTS\lib\</path>
         <kind>archive</kind>
         <file>rtsv7M4_T_le_v4SPD16_eabi.lib</file>
         <name>strchr.obj</name>
      </input_file>
      <input_file id="fl-fd">
         <path>D:\ti\ccsv7\tools\compiler\ti-cgt-arm_16.9.0.LTS\lib\</path>
         <kind>archive</kind>
         <file>rtsv7M4_T_le_v4SPD16_eabi.lib</file>
         <name>strcmp.obj</name>
      </input_file>
      <input_file id="fl-fe">
         <path>D:\ti\ccsv7\tools\compiler\ti-cgt-arm_16.9.0.LTS\lib\</path>
         <kind>archive</kind>
         <file>rtsv7M4_T_le_v4SPD16_eabi.lib</file>
         <name>trgdrv.obj</name>
      </input_file>
      <input_file id="fl-ff">
         <path>D:\ti\ccsv7\tools\compiler\ti-cgt-arm_16.9.0.LTS\lib\</path>
         <kind>archive</kind>
         <file>rtsv7M4_T_le_v4SPD16_eabi.lib</file>
         <name>trgmsg.obj</name>
      </input_file>
      <input_file id="fl-100">
         <path>D:\ti\ccsv7\tools\compiler\ti-cgt-arm_16.9.0.LTS\lib\</path>
         <kind>archive</kind>
         <file>rtsv7M4_T_le_v4SPD16_eabi.lib</file>
         <name>ull_div_t2.obj</name>
      </input_file>
      <input_file id="fl-101">
         <path>D:\ti\ccsv7\tools\compiler\ti-cgt-arm_16.9.0.LTS\lib\</path>
         <kind>archive</kind>
         <file>rtsv7M4_T_le_v4SPD16_eabi.lib</file>
         <name>_io_perm.obj</name>
      </input_file>
      <input_file id="fl-102">
         <path>D:\ti\ccsv7\tools\compiler\ti-cgt-arm_16.9.0.LTS\lib\</path>
         <kind>archive</kind>
         <file>rtsv7M4_T_le_v4SPD16_eabi.lib</file>
         <name>fflush.obj</name>
      </input_file>
      <input_file id="fl-103">
         <path>D:\ti\ccsv7\tools\compiler\ti-cgt-arm_16.9.0.LTS\lib\</path>
         <kind>archive</kind>
         <file>rtsv7M4_T_le_v4SPD16_eabi.lib</file>
         <name>fseek.obj</name>
      </input_file>
      <input_file id="fl-104">
         <path>D:\ti\ccsv7\tools\compiler\ti-cgt-arm_16.9.0.LTS\lib\</path>
         <kind>archive</kind>
         <file>rtsv7M4_T_le_v4SPD16_eabi.lib</file>
         <name>s_copysign.obj</name>
      </input_file>
      <input_file id="fl-105">
         <path>D:\ti\ccsv7\tools\compiler\ti-cgt-arm_16.9.0.LTS\lib\</path>
         <kind>archive</kind>
         <file>rtsv7M4_T_le_v4SPD16_eabi.lib</file>
         <name>setvbuf.obj</name>
      </input_file>
      <input_file id="fl-106">
         <path>D:\ti\ccsv7\tools\compiler\ti-cgt-arm_16.9.0.LTS\lib\</path>
         <kind>archive</kind>
         <file>rtsv7M4_T_le_v4SPD16_eabi.lib</file>
         <name>strcpy.obj</name>
      </input_file>
      <input_file id="fl-107">
         <path>D:\ti\ccsv7\tools\compiler\ti-cgt-arm_16.9.0.LTS\lib\</path>
         <kind>archive</kind>
         <file>rtsv7M4_T_le_v4SPD16_eabi.lib</file>
         <name>fopen.obj</name>
      </input_file>
      <input_file id="fl-108">
         <path>D:\ti\ccsv7\tools\compiler\ti-cgt-arm_16.9.0.LTS\lib\</path>
         <kind>archive</kind>
         <file>rtsv7M4_T_le_v4SPD16_eabi.lib</file>
         <name>memory.obj</name>
      </input_file>
      <input_file id="fl-109">
         <path>D:\ti\ccsv7\tools\compiler\ti-cgt-arm_16.9.0.LTS\lib\</path>
         <kind>archive</kind>
         <file>rtsv7M4_T_le_v4SPD16_eabi.lib</file>
         <name>fclose.obj</name>
      </input_file>
      <input_file id="fl-10a">
         <path>D:\ti\ccsv7\tools\compiler\ti-cgt-arm_16.9.0.LTS\lib\</path>
         <kind>archive</kind>
         <file>rtsv7M4_T_le_v4SPD16_eabi.lib</file>
         <name>remove.obj</name>
      </input_file>
   </input_file_list>
   <object_component_list>
      <object_component id="oc-2c">
         <name>.intvecs:retain</name>
         <load_address>0x0</load_address>
         <run_address>0x0</run_address>
         <size>0xe4</size>
         <input_file_ref idref="fl-3"/>
      </object_component>
      <object_component id="oc-29e">
         <name>.text</name>
         <load_address>0xe4</load_address>
         <run_address>0xe4</run_address>
         <size>0x113a</size>
         <input_file_ref idref="fl-ea"/>
      </object_component>
      <object_component id="oc-7e">
         <name>.text:Default_Handler</name>
         <load_address>0x121e</load_address>
         <run_address>0x121e</run_address>
         <size>0x2</size>
         <input_file_ref idref="fl-3"/>
      </object_component>
      <object_component id="oc-da">
         <name>.text:main</name>
         <load_address>0x1220</load_address>
         <run_address>0x1220</run_address>
         <size>0xb10</size>
         <input_file_ref idref="fl-a"/>
      </object_component>
      <object_component id="oc-193">
         <name>.text:bmi160_config_running_mode</name>
         <load_address>0x1d30</load_address>
         <run_address>0x1d30</run_address>
         <size>0xa58</size>
         <input_file_ref idref="fl-7"/>
      </object_component>
      <object_component id="oc-399">
         <name>.text:bmi160_read_fifo_header_data</name>
         <load_address>0x2788</load_address>
         <run_address>0x2788</run_address>
         <size>0x9d0</size>
         <input_file_ref idref="fl-6"/>
      </object_component>
      <object_component id="oc-61d">
         <name>.text:bmi160_read_bmm150_mag_trim</name>
         <load_address>0x3158</load_address>
         <run_address>0x3158</run_address>
         <size>0x4ac</size>
         <input_file_ref idref="fl-6"/>
      </object_component>
      <object_component id="oc-79e">
         <name>.text</name>
         <load_address>0x3604</load_address>
         <run_address>0x3604</run_address>
         <size>0x3d0</size>
         <input_file_ref idref="fl-108"/>
      </object_component>
      <object_component id="oc-623">
         <name>.text:bmi160_set_bmm150_mag_presetmode</name>
         <load_address>0x39d4</load_address>
         <run_address>0x39d4</run_address>
         <size>0x358</size>
         <input_file_ref idref="fl-6"/>
      </object_component>
      <object_component id="oc-7b9">
         <name>.text</name>
         <load_address>0x3d2c</load_address>
         <run_address>0x3d2c</run_address>
         <size>0x324</size>
         <input_file_ref idref="fl-fe"/>
      </object_component>
      <object_component id="oc-51d">
         <name>.text</name>
         <load_address>0x4050</load_address>
         <run_address>0x4050</run_address>
         <size>0x30c</size>
         <input_file_ref idref="fl-f5"/>
      </object_component>
      <object_component id="oc-39f">
         <name>.text:bmi160_set_intr_enable_0</name>
         <load_address>0x435c</load_address>
         <run_address>0x435c</run_address>
         <size>0x2d8</size>
         <input_file_ref idref="fl-6"/>
      </object_component>
      <object_component id="oc-33f">
         <name>.text:bmi160_bmm150_mag_interface_init</name>
         <load_address>0x4634</load_address>
         <run_address>0x4634</run_address>
         <size>0x29c</size>
         <input_file_ref idref="fl-6"/>
      </object_component>
      <object_component id="oc-199">
         <name>.text:bmi160_accel_foc_trigger_xyz</name>
         <load_address>0x48d0</load_address>
         <run_address>0x48d0</run_address>
         <size>0x250</size>
         <input_file_ref idref="fl-6"/>
      </object_component>
      <object_component id="oc-4d8">
         <name>.text</name>
         <load_address>0x4b20</load_address>
         <run_address>0x4b20</run_address>
         <size>0x1fc</size>
         <input_file_ref idref="fl-e3"/>
      </object_component>
      <object_component id="oc-52d">
         <name>.text</name>
         <load_address>0x4d1c</load_address>
         <run_address>0x4d1c</run_address>
         <size>0x1f4</size>
         <input_file_ref idref="fl-100"/>
      </object_component>
      <object_component id="oc-7a4">
         <name>.text</name>
         <load_address>0x4f10</load_address>
         <run_address>0x4f10</run_address>
         <size>0x1c4</size>
         <input_file_ref idref="fl-107"/>
      </object_component>
      <object_component id="oc-306">
         <name>.text</name>
         <load_address>0x50d4</load_address>
         <run_address>0x50d4</run_address>
         <size>0x1b6</size>
         <input_file_ref idref="fl-d4"/>
      </object_component>
      <object_component id="oc-56">
         <name>.text</name>
         <load_address>0x528a</load_address>
         <run_address>0x528a</run_address>
         <size>0x2</size>
         <input_file_ref idref="fl-e1"/>
      </object_component>
      <object_component id="oc-686">
         <name>.text:bme280_get_calib_param</name>
         <load_address>0x528c</load_address>
         <run_address>0x528c</run_address>
         <size>0x1a0</size>
         <input_file_ref idref="fl-4"/>
      </object_component>
      <object_component id="oc-414">
         <name>.text:bme280_set_oversamp_humidity</name>
         <load_address>0x542c</load_address>
         <run_address>0x542c</run_address>
         <size>0x198</size>
         <input_file_ref idref="fl-4"/>
      </object_component>
      <object_component id="oc-19f">
         <name>.text:bmi160_set_foc_gyro_enable</name>
         <load_address>0x55c4</load_address>
         <run_address>0x55c4</run_address>
         <size>0x18c</size>
         <input_file_ref idref="fl-6"/>
      </object_component>
      <object_component id="oc-1ab">
         <name>.text:bme280_set_power_mode</name>
         <load_address>0x5750</load_address>
         <run_address>0x5750</run_address>
         <size>0x178</size>
         <input_file_ref idref="fl-4"/>
      </object_component>
      <object_component id="oc-420">
         <name>.text:bme280_set_oversamp_temperature</name>
         <load_address>0x58c8</load_address>
         <run_address>0x58c8</run_address>
         <size>0x16c</size>
         <input_file_ref idref="fl-4"/>
      </object_component>
      <object_component id="oc-426">
         <name>.text:bme280_set_standby_durn</name>
         <load_address>0x5a34</load_address>
         <run_address>0x5a34</run_address>
         <size>0x164</size>
         <input_file_ref idref="fl-4"/>
      </object_component>
      <object_component id="oc-5cd">
         <name>.text:bmi160_bmm150_mag_set_power_mode</name>
         <load_address>0x5b98</load_address>
         <run_address>0x5b98</run_address>
         <size>0x160</size>
         <input_file_ref idref="fl-6"/>
      </object_component>
      <object_component id="oc-175">
         <name>.text:uartInit</name>
         <load_address>0x5cf8</load_address>
         <run_address>0x5cf8</run_address>
         <size>0x15c</size>
         <input_file_ref idref="fl-e"/>
      </object_component>
      <object_component id="oc-41a">
         <name>.text:bme280_set_oversamp_pressure</name>
         <load_address>0x5e54</load_address>
         <run_address>0x5e54</run_address>
         <size>0x158</size>
         <input_file_ref idref="fl-4"/>
      </object_component>
      <object_component id="oc-3a5">
         <name>.text:bmi160_set_intr_enable_2</name>
         <load_address>0x5fac</load_address>
         <run_address>0x5fac</run_address>
         <size>0x158</size>
         <input_file_ref idref="fl-6"/>
      </object_component>
      <object_component id="oc-758">
         <name>.text:readBurstI2C</name>
         <load_address>0x6104</load_address>
         <run_address>0x6104</run_address>
         <size>0x144</size>
         <input_file_ref idref="fl-9"/>
      </object_component>
      <object_component id="oc-4c9">
         <name>.text:readI2C</name>
         <load_address>0x6248</load_address>
         <run_address>0x6248</run_address>
         <size>0x13c</size>
         <input_file_ref idref="fl-9"/>
      </object_component>
      <object_component id="oc-2f7">
         <name>.text</name>
         <load_address>0x6384</load_address>
         <run_address>0x6384</run_address>
         <size>0x136</size>
         <input_file_ref idref="fl-d6"/>
      </object_component>
      <object_component id="oc-d2">
         <name>.text</name>
         <load_address>0x64ba</load_address>
         <run_address>0x64ba</run_address>
         <size>0x2</size>
         <input_file_ref idref="fl-fb"/>
      </object_component>
      <object_component id="oc-298">
         <name>.text</name>
         <load_address>0x64bc</load_address>
         <run_address>0x64bc</run_address>
         <size>0x134</size>
         <input_file_ref idref="fl-f3"/>
      </object_component>
      <object_component id="oc-450">
         <name>.text:bme280_compensate_pressure_int32</name>
         <load_address>0x65f0</load_address>
         <run_address>0x65f0</run_address>
         <size>0x130</size>
         <input_file_ref idref="fl-4"/>
      </object_component>
      <object_component id="oc-333">
         <name>.text:bmi160_set_bmm150_mag_and_secondary_if_power_mode</name>
         <load_address>0x6720</load_address>
         <run_address>0x6720</run_address>
         <size>0x124</size>
         <input_file_ref idref="fl-6"/>
      </object_component>
      <object_component id="oc-500">
         <name>.text:CS_getDCOFrequency</name>
         <load_address>0x6844</load_address>
         <run_address>0x6844</run_address>
         <size>0x104</size>
         <input_file_ref idref="fl-14"/>
      </object_component>
      <object_component id="oc-9c">
         <name>.text:PORT1_IRQHandler</name>
         <load_address>0x6948</load_address>
         <run_address>0x6948</run_address>
         <size>0xfc</size>
         <input_file_ref idref="fl-a"/>
      </object_component>
      <object_component id="oc-30b">
         <name>.text</name>
         <load_address>0x6a44</load_address>
         <run_address>0x6a44</run_address>
         <size>0xfc</size>
         <input_file_ref idref="fl-d7"/>
      </object_component>
      <object_component id="oc-54d">
         <name>.text</name>
         <load_address>0x6b40</load_address>
         <run_address>0x6b40</run_address>
         <size>0xfc</size>
         <input_file_ref idref="fl-fa"/>
      </object_component>
      <object_component id="oc-38d">
         <name>.text:bmi160_set_intr_fifo_wm</name>
         <load_address>0x6c3c</load_address>
         <run_address>0x6c3c</run_address>
         <size>0xf8</size>
         <input_file_ref idref="fl-6"/>
      </object_component>
      <object_component id="oc-644">
         <name>.text:bmi160_set_intr_level</name>
         <load_address>0x6d34</load_address>
         <run_address>0x6d34</run_address>
         <size>0xf8</size>
         <input_file_ref idref="fl-6"/>
      </object_component>
      <object_component id="oc-63e">
         <name>.text:bmi160_set_output_enable</name>
         <load_address>0x6e2c</load_address>
         <run_address>0x6e2c</run_address>
         <size>0xf8</size>
         <input_file_ref idref="fl-6"/>
      </object_component>
      <object_component id="oc-1a5">
         <name>.text:bme280_data_readout_template</name>
         <load_address>0x6f24</load_address>
         <run_address>0x6f24</run_address>
         <size>0xf0</size>
         <input_file_ref idref="fl-5"/>
      </object_component>
      <object_component id="oc-483">
         <name>.text:writeI2C</name>
         <load_address>0x7014</load_address>
         <run_address>0x7014</run_address>
         <size>0xf0</size>
         <input_file_ref idref="fl-9"/>
      </object_component>
      <object_component id="oc-96">
         <name>.text:EUSCIB1_IRQHandler</name>
         <load_address>0x7104</load_address>
         <run_address>0x7104</run_address>
         <size>0xec</size>
         <input_file_ref idref="fl-9"/>
      </object_component>
      <object_component id="oc-6ed">
         <name>.text</name>
         <load_address>0x71f0</load_address>
         <run_address>0x71f0</run_address>
         <size>0xdc</size>
         <input_file_ref idref="fl-105"/>
      </object_component>
      <object_component id="oc-60b">
         <name>.text:bmi160_bmm150_mag_wakeup</name>
         <load_address>0x72cc</load_address>
         <run_address>0x72cc</run_address>
         <size>0xd4</size>
         <input_file_ref idref="fl-6"/>
      </object_component>
      <object_component id="oc-20e">
         <name>.text:sensorTmp007Read</name>
         <load_address>0x73a0</load_address>
         <run_address>0x73a0</run_address>
         <size>0xd4</size>
         <input_file_ref idref="fl-d"/>
      </object_component>
      <object_component id="oc-357">
         <name>.text:bmi160_set_gyro_output_data_rate</name>
         <load_address>0x7474</load_address>
         <run_address>0x7474</run_address>
         <size>0xd0</size>
         <input_file_ref idref="fl-6"/>
      </object_component>
      <object_component id="oc-517">
         <name>.text</name>
         <load_address>0x7544</load_address>
         <run_address>0x7544</run_address>
         <size>0xc8</size>
         <input_file_ref idref="fl-102"/>
      </object_component>
      <object_component id="oc-4a1">
         <name>.text:bmi160_bmm150_mag_compensate_X</name>
         <load_address>0x760c</load_address>
         <run_address>0x760c</run_address>
         <size>0xc4</size>
         <input_file_ref idref="fl-6"/>
      </object_component>
      <object_component id="oc-4a7">
         <name>.text:bmi160_bmm150_mag_compensate_Y</name>
         <load_address>0x76d0</load_address>
         <run_address>0x76d0</run_address>
         <size>0xc4</size>
         <input_file_ref idref="fl-6"/>
      </object_component>
      <object_component id="oc-456">
         <name>.text:bme280_compensate_humidity_int32</name>
         <load_address>0x7794</load_address>
         <run_address>0x7794</run_address>
         <size>0xc0</size>
         <input_file_ref idref="fl-4"/>
      </object_component>
      <object_component id="oc-49b">
         <name>.text:bmi160_read_mag_xyzr</name>
         <load_address>0x7854</load_address>
         <run_address>0x7854</run_address>
         <size>0xc0</size>
         <input_file_ref idref="fl-6"/>
      </object_component>
      <object_component id="oc-3fb">
         <name>.text:bmi160_get_gyro_offset_compensation_yaxis</name>
         <load_address>0x7914</load_address>
         <run_address>0x7914</run_address>
         <size>0xbc</size>
         <input_file_ref idref="fl-6"/>
      </object_component>
      <object_component id="oc-401">
         <name>.text:bmi160_get_gyro_offset_compensation_zaxis</name>
         <load_address>0x79d0</load_address>
         <run_address>0x79d0</run_address>
         <size>0xbc</size>
         <input_file_ref idref="fl-6"/>
      </object_component>
      <object_component id="oc-3f5">
         <name>.text:bmi160_get_gyro_offset_compensation_xaxis</name>
         <load_address>0x7a8c</load_address>
         <run_address>0x7a8c</run_address>
         <size>0xb8</size>
         <input_file_ref idref="fl-6"/>
      </object_component>
      <object_component id="oc-16f">
         <name>.text:setSystemClock</name>
         <load_address>0x7b44</load_address>
         <run_address>0x7b44</run_address>
         <size>0xb4</size>
         <input_file_ref idref="fl-a"/>
      </object_component>
      <object_component id="oc-511">
         <name>.text</name>
         <load_address>0x7bf8</load_address>
         <run_address>0x7bf8</run_address>
         <size>0xac</size>
         <input_file_ref idref="fl-101"/>
      </object_component>
      <object_component id="oc-f7">
         <name>.text:uartReceive</name>
         <load_address>0x7ca4</load_address>
         <run_address>0x7ca4</run_address>
         <size>0xac</size>
         <input_file_ref idref="fl-e"/>
      </object_component>
      <object_component id="oc-629">
         <name>.text:bmi160_set_mag_output_data_rate</name>
         <load_address>0x7d50</load_address>
         <run_address>0x7d50</run_address>
         <size>0xa8</size>
         <input_file_ref idref="fl-6"/>
      </object_component>
      <object_component id="oc-585">
         <name>.text:CS_startHFXTWithTimeout</name>
         <load_address>0x7df8</load_address>
         <run_address>0x7df8</run_address>
         <size>0x9c</size>
         <input_file_ref idref="fl-14"/>
      </object_component>
      <object_component id="oc-58c">
         <name>.text:CS_startLFXTWithTimeout</name>
         <load_address>0x7e94</load_address>
         <run_address>0x7e94</run_address>
         <size>0x9c</size>
         <input_file_ref idref="fl-14"/>
      </object_component>
      <object_component id="oc-28b">
         <name>.text:_CSComputeCLKFrequency</name>
         <load_address>0x7f30</load_address>
         <run_address>0x7f30</run_address>
         <size>0x9c</size>
         <input_file_ref idref="fl-14"/>
      </object_component>
      <object_component id="oc-3e">
         <name>.text</name>
         <load_address>0x7fcc</load_address>
         <run_address>0x7fcc</run_address>
         <size>0x9c</size>
         <input_file_ref idref="fl-df"/>
      </object_component>
      <object_component id="oc-444">
         <name>.text:bme280_read_uncomp_pressure_temperature_humidity</name>
         <load_address>0x8068</load_address>
         <run_address>0x8068</run_address>
         <size>0x98</size>
         <input_file_ref idref="fl-4"/>
      </object_component>
      <object_component id="oc-35d">
         <name>.text:bmi160_set_accel_output_data_rate</name>
         <load_address>0x8100</load_address>
         <run_address>0x8100</run_address>
         <size>0x98</size>
         <input_file_ref idref="fl-6"/>
      </object_component>
      <object_component id="oc-181">
         <name>.text:pwmInit</name>
         <load_address>0x8198</load_address>
         <run_address>0x8198</run_address>
         <size>0x98</size>
         <input_file_ref idref="fl-c"/>
      </object_component>
      <object_component id="oc-7f0">
         <name>.text</name>
         <load_address>0x8230</load_address>
         <run_address>0x8230</run_address>
         <size>0x98</size>
         <input_file_ref idref="fl-109"/>
      </object_component>
      <object_component id="oc-292">
         <name>.text</name>
         <load_address>0x82c8</load_address>
         <run_address>0x82c8</run_address>
         <size>0x98</size>
         <input_file_ref idref="fl-f2"/>
      </object_component>
      <object_component id="oc-4ad">
         <name>.text:bmi160_bmm150_mag_compensate_Z</name>
         <load_address>0x8360</load_address>
         <run_address>0x8360</run_address>
         <size>0x94</size>
         <input_file_ref idref="fl-6"/>
      </object_component>
      <object_component id="oc-1ef">
         <name>.text</name>
         <load_address>0x83f4</load_address>
         <run_address>0x83f4</run_address>
         <size>0x94</size>
         <input_file_ref idref="fl-e4"/>
      </object_component>
      <object_component id="oc-34b">
         <name>.text:bmi160_set_accel_bw</name>
         <load_address>0x8488</load_address>
         <run_address>0x8488</run_address>
         <size>0x90</size>
         <input_file_ref idref="fl-6"/>
      </object_component>
      <object_component id="oc-375">
         <name>.text:bmi160_set_fifo_accel_enable</name>
         <load_address>0x8518</load_address>
         <run_address>0x8518</run_address>
         <size>0x90</size>
         <input_file_ref idref="fl-6"/>
      </object_component>
      <object_component id="oc-37b">
         <name>.text:bmi160_set_fifo_gyro_enable</name>
         <load_address>0x85a8</load_address>
         <run_address>0x85a8</run_address>
         <size>0x90</size>
         <input_file_ref idref="fl-6"/>
      </object_component>
      <object_component id="oc-369">
         <name>.text:bmi160_set_fifo_header_enable</name>
         <load_address>0x8638</load_address>
         <run_address>0x8638</run_address>
         <size>0x90</size>
         <input_file_ref idref="fl-6"/>
      </object_component>
      <object_component id="oc-36f">
         <name>.text:bmi160_set_fifo_mag_enable</name>
         <load_address>0x86c8</load_address>
         <run_address>0x86c8</run_address>
         <size>0x90</size>
         <input_file_ref idref="fl-6"/>
      </object_component>
      <object_component id="oc-387">
         <name>.text:bmi160_set_fifo_stop_on_full</name>
         <load_address>0x8758</load_address>
         <run_address>0x8758</run_address>
         <size>0x90</size>
         <input_file_ref idref="fl-6"/>
      </object_component>
      <object_component id="oc-381">
         <name>.text:bmi160_set_fifo_time_enable</name>
         <load_address>0x87e8</load_address>
         <run_address>0x87e8</run_address>
         <size>0x90</size>
         <input_file_ref idref="fl-6"/>
      </object_component>
      <object_component id="oc-351">
         <name>.text:bmi160_set_gyro_bw</name>
         <load_address>0x8878</load_address>
         <run_address>0x8878</run_address>
         <size>0x90</size>
         <input_file_ref idref="fl-6"/>
      </object_component>
      <object_component id="oc-3b7">
         <name>.text:bmi160_set_gyro_sleep_state</name>
         <load_address>0x8908</load_address>
         <run_address>0x8908</run_address>
         <size>0x90</size>
         <input_file_ref idref="fl-6"/>
      </object_component>
      <object_component id="oc-3ab">
         <name>.text:bmi160_set_gyro_sleep_trigger</name>
         <load_address>0x8998</load_address>
         <run_address>0x8998</run_address>
         <size>0x90</size>
         <input_file_ref idref="fl-6"/>
      </object_component>
      <object_component id="oc-3bd">
         <name>.text:bmi160_set_gyro_wakeup_intr</name>
         <load_address>0x8a28</load_address>
         <run_address>0x8a28</run_address>
         <size>0x90</size>
         <input_file_ref idref="fl-6"/>
      </object_component>
      <object_component id="oc-3b1">
         <name>.text:bmi160_set_gyro_wakeup_trigger</name>
         <load_address>0x8ab8</load_address>
         <run_address>0x8ab8</run_address>
         <size>0x90</size>
         <input_file_ref idref="fl-6"/>
      </object_component>
      <object_component id="oc-339">
         <name>.text:bmi160_set_if_mode</name>
         <load_address>0x8b48</load_address>
         <run_address>0x8b48</run_address>
         <size>0x90</size>
         <input_file_ref idref="fl-6"/>
      </object_component>
      <object_component id="oc-5c7">
         <name>.text:bmi160_set_mag_manual_enable</name>
         <load_address>0x8bd8</load_address>
         <run_address>0x8bd8</run_address>
         <size>0x90</size>
         <input_file_ref idref="fl-6"/>
      </object_component>
      <object_component id="oc-5e7">
         <name>.text:bmi160_set_paging_enable</name>
         <load_address>0x8c68</load_address>
         <run_address>0x8c68</run_address>
         <size>0x90</size>
         <input_file_ref idref="fl-6"/>
      </object_component>
      <object_component id="oc-5f9">
         <name>.text:bmi160_set_pullup_configuration</name>
         <load_address>0x8cf8</load_address>
         <run_address>0x8cf8</run_address>
         <size>0x90</size>
         <input_file_ref idref="fl-6"/>
      </object_component>
      <object_component id="oc-5db">
         <name>.text:bmi160_set_target_page</name>
         <load_address>0x8d88</load_address>
         <run_address>0x8d88</run_address>
         <size>0x90</size>
         <input_file_ref idref="fl-6"/>
      </object_component>
      <object_component id="oc-532">
         <name>.text:__aeabi_cdcmple</name>
         <load_address>0x8e18</load_address>
         <run_address>0x8e18</run_address>
         <size>0x86</size>
         <input_file_ref idref="fl-d5"/>
      </object_component>
      <object_component id="oc-2f2">
         <name>.text:__aeabi_cdrcmple</name>
         <load_address>0x8e9e</load_address>
         <run_address>0x8e9e</run_address>
         <size>0x86</size>
         <input_file_ref idref="fl-d5"/>
      </object_component>
      <object_component id="oc-363">
         <name>.text:bmi160_interrupt_configuration</name>
         <load_address>0x8f24</load_address>
         <run_address>0x8f24</run_address>
         <size>0x80</size>
         <input_file_ref idref="fl-7"/>
      </object_component>
      <object_component id="oc-3cb">
         <name>.text:bmi160_set_accel_offset_enable</name>
         <load_address>0x8fa4</load_address>
         <run_address>0x8fa4</run_address>
         <size>0x80</size>
         <input_file_ref idref="fl-6"/>
      </object_component>
      <object_component id="oc-3ef">
         <name>.text:bmi160_set_gyro_offset_enable</name>
         <load_address>0x9024</load_address>
         <run_address>0x9024</run_address>
         <size>0x80</size>
         <input_file_ref idref="fl-6"/>
      </object_component>
      <object_component id="oc-5ff">
         <name>.text:bmi160_set_i2c_device_addr</name>
         <load_address>0x90a4</load_address>
         <run_address>0x90a4</run_address>
         <size>0x80</size>
         <input_file_ref idref="fl-6"/>
      </object_component>
      <object_component id="oc-44a">
         <name>.text:bme280_compensate_temperature_int32</name>
         <load_address>0x9124</load_address>
         <run_address>0x9124</run_address>
         <size>0x7c</size>
         <input_file_ref idref="fl-4"/>
      </object_component>
      <object_component id="oc-187">
         <name>.text:enableButtons</name>
         <load_address>0x91a0</load_address>
         <run_address>0x91a0</run_address>
         <size>0x7c</size>
         <input_file_ref idref="fl-c"/>
      </object_component>
      <object_component id="oc-4a">
         <name>.text</name>
         <load_address>0x921c</load_address>
         <run_address>0x921c</run_address>
         <size>0x7a</size>
         <input_file_ref idref="fl-e0"/>
      </object_component>
      <object_component id="oc-ed">
         <name>.text:SystemInit</name>
         <load_address>0x9298</load_address>
         <run_address>0x9298</run_address>
         <size>0x78</size>
         <input_file_ref idref="fl-2"/>
      </object_component>
      <object_component id="oc-1fb">
         <name>.text:bmi160_read_accel_xyz</name>
         <load_address>0x9310</load_address>
         <run_address>0x9310</run_address>
         <size>0x78</size>
         <input_file_ref idref="fl-6"/>
      </object_component>
      <object_component id="oc-201">
         <name>.text:bmi160_read_gyro_xyz</name>
         <load_address>0x9388</load_address>
         <run_address>0x9388</run_address>
         <size>0x78</size>
         <input_file_ref idref="fl-6"/>
      </object_component>
      <object_component id="oc-744">
         <name>.text:_CSGetHFXTFrequency</name>
         <load_address>0x9400</load_address>
         <run_address>0x9400</run_address>
         <size>0x70</size>
         <input_file_ref idref="fl-14"/>
      </object_component>
      <object_component id="oc-62">
         <name>.text</name>
         <load_address>0x9470</load_address>
         <run_address>0x9470</run_address>
         <size>0x70</size>
         <input_file_ref idref="fl-ed"/>
      </object_component>
      <object_component id="oc-116">
         <name>.text</name>
         <load_address>0x94e0</load_address>
         <run_address>0x94e0</run_address>
         <size>0x70</size>
         <input_file_ref idref="fl-e2"/>
      </object_component>
      <object_component id="oc-225">
         <name>.text:sensorOpt3001Convert</name>
         <load_address>0x9550</load_address>
         <run_address>0x9550</run_address>
         <size>0x70</size>
         <input_file_ref idref="fl-b"/>
      </object_component>
      <object_component id="oc-1bd">
         <name>.text:sensorTmp007Enable</name>
         <load_address>0x95c0</load_address>
         <run_address>0x95c0</run_address>
         <size>0x70</size>
         <input_file_ref idref="fl-d"/>
      </object_component>
      <object_component id="oc-4de">
         <name>.text</name>
         <load_address>0x9630</load_address>
         <run_address>0x9630</run_address>
         <size>0x6e</size>
         <input_file_ref idref="fl-d9"/>
      </object_component>
      <object_component id="oc-14">
         <name>.text:decompress:lzss</name>
         <load_address>0x969e</load_address>
         <run_address>0x969e</run_address>
         <size>0x68</size>
         <input_file_ref idref="fl-d0"/>
      </object_component>
      <object_component id="oc-7fd">
         <name>.text</name>
         <load_address>0x9708</load_address>
         <run_address>0x9708</run_address>
         <size>0x68</size>
         <input_file_ref idref="fl-ff"/>
      </object_component>
      <object_component id="oc-22b">
         <name>.text:bme280_read_pressure_temperature_humidity</name>
         <load_address>0x9770</load_address>
         <run_address>0x9770</run_address>
         <size>0x64</size>
         <input_file_ref idref="fl-4"/>
      </object_component>
      <object_component id="oc-438">
         <name>.text:bme280_read_uncomp_pressure</name>
         <load_address>0x97d4</load_address>
         <run_address>0x97d4</run_address>
         <size>0x64</size>
         <input_file_ref idref="fl-4"/>
      </object_component>
      <object_component id="oc-432">
         <name>.text:bme280_read_uncomp_temperature</name>
         <load_address>0x9838</load_address>
         <run_address>0x9838</run_address>
         <size>0x64</size>
         <input_file_ref idref="fl-4"/>
      </object_component>
      <object_component id="oc-323">
         <name>.text:bmi160_init</name>
         <load_address>0x989c</load_address>
         <run_address>0x989c</run_address>
         <size>0x64</size>
         <input_file_ref idref="fl-6"/>
      </object_component>
      <object_component id="oc-6e7">
         <name>.text</name>
         <load_address>0x9900</load_address>
         <run_address>0x9900</run_address>
         <size>0x64</size>
         <input_file_ref idref="fl-103"/>
      </object_component>
      <object_component id="oc-547">
         <name>.text</name>
         <load_address>0x9964</load_address>
         <run_address>0x9964</run_address>
         <size>0x64</size>
         <input_file_ref idref="fl-f9"/>
      </object_component>
      <object_component id="oc-21f">
         <name>.text:sensorOpt3001Read</name>
         <load_address>0x99c8</load_address>
         <run_address>0x99c8</run_address>
         <size>0x64</size>
         <input_file_ref idref="fl-b"/>
      </object_component>
      <object_component id="oc-40e">
         <name>.text:bme280_init</name>
         <load_address>0x9a2c</load_address>
         <run_address>0x9a2c</run_address>
         <size>0x5c</size>
         <input_file_ref idref="fl-4"/>
      </object_component>
      <object_component id="oc-43e">
         <name>.text:bme280_read_uncomp_humidity</name>
         <load_address>0x9a88</load_address>
         <run_address>0x9a88</run_address>
         <size>0x5c</size>
         <input_file_ref idref="fl-4"/>
      </object_component>
      <object_component id="oc-53c">
         <name>.text</name>
         <load_address>0x9ae4</load_address>
         <run_address>0x9ae4</run_address>
         <size>0x56</size>
         <input_file_ref idref="fl-f6"/>
      </object_component>
      <object_component id="oc-465">
         <name>.text:bme280_get_power_mode</name>
         <load_address>0x9b3c</load_address>
         <run_address>0x9b3c</run_address>
         <size>0x54</size>
         <input_file_ref idref="fl-4"/>
      </object_component>
      <object_component id="oc-42c">
         <name>.text:bme280_get_standby_durn</name>
         <load_address>0x9b90</load_address>
         <run_address>0x9b90</run_address>
         <size>0x54</size>
         <input_file_ref idref="fl-4"/>
      </object_component>
      <object_component id="oc-3d1">
         <name>.text:bmi160_get_foc_rdy</name>
         <load_address>0x9be4</load_address>
         <run_address>0x9be4</run_address>
         <size>0x54</size>
         <input_file_ref idref="fl-6"/>
      </object_component>
      <object_component id="oc-32d">
         <name>.text:bmi160_get_if_mode</name>
         <load_address>0x9c38</load_address>
         <run_address>0x9c38</run_address>
         <size>0x54</size>
         <input_file_ref idref="fl-6"/>
      </object_component>
      <object_component id="oc-605">
         <name>.text:bmi160_get_mag_manual_enable</name>
         <load_address>0x9c8c</load_address>
         <run_address>0x9c8c</run_address>
         <size>0x54</size>
         <input_file_ref idref="fl-6"/>
      </object_component>
      <object_component id="oc-5ed">
         <name>.text:bmi160_get_paging_enable</name>
         <load_address>0x9ce0</load_address>
         <run_address>0x9ce0</run_address>
         <size>0x54</size>
         <input_file_ref idref="fl-6"/>
      </object_component>
      <object_component id="oc-5f3">
         <name>.text:bmi160_get_pullup_configuration</name>
         <load_address>0x9d34</load_address>
         <run_address>0x9d34</run_address>
         <size>0x54</size>
         <input_file_ref idref="fl-6"/>
      </object_component>
      <object_component id="oc-5e1">
         <name>.text:bmi160_get_target_page</name>
         <load_address>0x9d88</load_address>
         <run_address>0x9d88</run_address>
         <size>0x54</size>
         <input_file_ref idref="fl-6"/>
      </object_component>
      <object_component id="oc-26">
         <name>.text</name>
         <load_address>0x9ddc</load_address>
         <run_address>0x9ddc</run_address>
         <size>0x54</size>
         <input_file_ref idref="fl-cf"/>
      </object_component>
      <object_component id="oc-6e">
         <name>.text</name>
         <load_address>0x9e30</load_address>
         <run_address>0x9e30</run_address>
         <size>0x54</size>
         <input_file_ref idref="fl-d3"/>
      </object_component>
      <object_component id="oc-1e9">
         <name>.text:bmi160_bmm150_mag_compensate_xyz</name>
         <load_address>0x9e84</load_address>
         <run_address>0x9e84</run_address>
         <size>0x52</size>
         <input_file_ref idref="fl-6"/>
      </object_component>
      <object_component id="oc-6d3">
         <name>.text:SysCtl_getTLVInfo</name>
         <load_address>0x9ed8</load_address>
         <run_address>0x9ed8</run_address>
         <size>0x50</size>
         <input_file_ref idref="fl-17"/>
      </object_component>
      <object_component id="oc-3d7">
         <name>.text:bmi160_get_accel_offset_compensation_xaxis</name>
         <load_address>0x9f28</load_address>
         <run_address>0x9f28</run_address>
         <size>0x50</size>
         <input_file_ref idref="fl-6"/>
      </object_component>
      <object_component id="oc-3dd">
         <name>.text:bmi160_get_accel_offset_compensation_yaxis</name>
         <load_address>0x9f78</load_address>
         <run_address>0x9f78</run_address>
         <size>0x50</size>
         <input_file_ref idref="fl-6"/>
      </object_component>
      <object_component id="oc-3e3">
         <name>.text:bmi160_get_accel_offset_compensation_zaxis</name>
         <load_address>0x9fc8</load_address>
         <run_address>0x9fc8</run_address>
         <size>0x50</size>
         <input_file_ref idref="fl-6"/>
      </object_component>
      <object_component id="oc-5d5">
         <name>.text:bmi160_get_mag_power_mode_stat</name>
         <load_address>0xa018</load_address>
         <run_address>0xa018</run_address>
         <size>0x50</size>
         <input_file_ref idref="fl-6"/>
      </object_component>
      <object_component id="oc-214">
         <name>.text:sensorTmp007Convert</name>
         <load_address>0xa068</load_address>
         <run_address>0xa068</run_address>
         <size>0x50</size>
         <input_file_ref idref="fl-d"/>
      </object_component>
      <object_component id="oc-311">
         <name>.text:GPIO_setAsPeripheralModuleFunctionOutputPin</name>
         <load_address>0xa0b8</load_address>
         <run_address>0xa0b8</run_address>
         <size>0x4c</size>
         <input_file_ref idref="fl-15"/>
      </object_component>
      <object_component id="oc-6cd">
         <name>.text:_CSGetDOCFrequency</name>
         <load_address>0xa104</load_address>
         <run_address>0xa104</run_address>
         <size>0x4c</size>
         <input_file_ref idref="fl-14"/>
      </object_component>
      <object_component id="oc-477">
         <name>.text:bme280_read_register</name>
         <load_address>0xa150</load_address>
         <run_address>0xa150</run_address>
         <size>0x4c</size>
         <input_file_ref idref="fl-4"/>
      </object_component>
      <object_component id="oc-471">
         <name>.text:bme280_write_register</name>
         <load_address>0xa19c</load_address>
         <run_address>0xa19c</run_address>
         <size>0x4c</size>
         <input_file_ref idref="fl-4"/>
      </object_component>
      <object_component id="oc-559">
         <name>.text</name>
         <load_address>0xa1e8</load_address>
         <run_address>0xa1e8</run_address>
         <size>0x4c</size>
         <input_file_ref idref="fl-ec"/>
      </object_component>
      <object_component id="oc-cc">
         <name>.text</name>
         <load_address>0xa234</load_address>
         <run_address>0xa234</run_address>
         <size>0x4c</size>
         <input_file_ref idref="fl-ee"/>
      </object_component>
      <object_component id="oc-1f5">
         <name>.text:sendText</name>
         <load_address>0xa280</load_address>
         <run_address>0xa280</run_address>
         <size>0x4c</size>
         <input_file_ref idref="fl-e"/>
      </object_component>
      <object_component id="oc-4fa">
         <name>.text:_CSGetDividerValue</name>
         <load_address>0xa2cc</load_address>
         <run_address>0xa2cc</run_address>
         <size>0x48</size>
         <input_file_ref idref="fl-14"/>
      </object_component>
      <object_component id="oc-772">
         <name>.text:bmi160_read_reg</name>
         <load_address>0xa314</load_address>
         <run_address>0xa314</run_address>
         <size>0x48</size>
         <input_file_ref idref="fl-6"/>
      </object_component>
      <object_component id="oc-5b9">
         <name>.text:bmi160_write_reg</name>
         <load_address>0xa35c</load_address>
         <run_address>0xa35c</run_address>
         <size>0x48</size>
         <input_file_ref idref="fl-6"/>
      </object_component>
      <object_component id="oc-31d">
         <name>.text:i2c_routine</name>
         <load_address>0xa3a4</load_address>
         <run_address>0xa3a4</run_address>
         <size>0x48</size>
         <input_file_ref idref="fl-7"/>
      </object_component>
      <object_component id="oc-537">
         <name>.text</name>
         <load_address>0xa3ec</load_address>
         <run_address>0xa3ec</run_address>
         <size>0x48</size>
         <input_file_ref idref="fl-d8"/>
      </object_component>
      <object_component id="oc-a2">
         <name>.text:PORT5_IRQHandler</name>
         <load_address>0xa434</load_address>
         <run_address>0xa434</run_address>
         <size>0x44</size>
         <input_file_ref idref="fl-a"/>
      </object_component>
      <object_component id="oc-46b">
         <name>.text:bme280_set_soft_rst</name>
         <load_address>0xa478</load_address>
         <run_address>0xa478</run_address>
         <size>0x44</size>
         <input_file_ref idref="fl-4"/>
      </object_component>
      <object_component id="oc-2fc">
         <name>.text</name>
         <load_address>0xa4bc</load_address>
         <run_address>0xa4bc</run_address>
         <size>0x44</size>
         <input_file_ref idref="fl-da"/>
      </object_component>
      <object_component id="oc-653">
         <name>.text:bmi160_fifo_data</name>
         <load_address>0xa500</load_address>
         <run_address>0xa500</run_address>
         <size>0x40</size>
         <input_file_ref idref="fl-6"/>
      </object_component>
      <object_component id="oc-345">
         <name>.text:bmi160_set_command_register</name>
         <load_address>0xa540</load_address>
         <run_address>0xa540</run_address>
         <size>0x40</size>
         <input_file_ref idref="fl-6"/>
      </object_component>
      <object_component id="oc-393">
         <name>.text:bmi160_set_fifo_wm</name>
         <load_address>0xa580</load_address>
         <run_address>0xa580</run_address>
         <size>0x40</size>
         <input_file_ref idref="fl-6"/>
      </object_component>
      <object_component id="oc-62f">
         <name>.text:bmi160_set_mag_read_addr</name>
         <load_address>0xa5c0</load_address>
         <run_address>0xa5c0</run_address>
         <size>0x40</size>
         <input_file_ref idref="fl-6"/>
      </object_component>
      <object_component id="oc-617">
         <name>.text:bmi160_set_mag_write_addr</name>
         <load_address>0xa600</load_address>
         <run_address>0xa600</run_address>
         <size>0x40</size>
         <input_file_ref idref="fl-6"/>
      </object_component>
      <object_component id="oc-611">
         <name>.text:bmi160_set_mag_write_data</name>
         <load_address>0xa640</load_address>
         <run_address>0xa640</run_address>
         <size>0x40</size>
         <input_file_ref idref="fl-6"/>
      </object_component>
      <object_component id="oc-18d">
         <name>.text:bmi160_initialize_sensor</name>
         <load_address>0xa680</load_address>
         <run_address>0xa680</run_address>
         <size>0x3c</size>
         <input_file_ref idref="fl-7"/>
      </object_component>
      <object_component id="oc-408">
         <name>.text:I2C_routine</name>
         <load_address>0xa6bc</load_address>
         <run_address>0xa6bc</run_address>
         <size>0x38</size>
         <input_file_ref idref="fl-5"/>
      </object_component>
      <object_component id="oc-128">
         <name>.text:getNewThrottle2</name>
         <load_address>0xa6f4</load_address>
         <run_address>0xa6f4</run_address>
         <size>0x38</size>
         <input_file_ref idref="fl-c"/>
      </object_component>
      <object_component id="oc-134">
         <name>.text:getNewThrottle3</name>
         <load_address>0xa72c</load_address>
         <run_address>0xa72c</run_address>
         <size>0x38</size>
         <input_file_ref idref="fl-c"/>
      </object_component>
      <object_component id="oc-140">
         <name>.text:getNewThrottle4</name>
         <load_address>0xa764</load_address>
         <run_address>0xa764</run_address>
         <size>0x38</size>
         <input_file_ref idref="fl-c"/>
      </object_component>
      <object_component id="oc-231">
         <name>.text:receiveText</name>
         <load_address>0xa79c</load_address>
         <run_address>0xa79c</run_address>
         <size>0x38</size>
         <input_file_ref idref="fl-e"/>
      </object_component>
      <object_component id="oc-21a">
         <name>.text</name>
         <load_address>0xa7d4</load_address>
         <run_address>0xa7d4</run_address>
         <size>0x38</size>
         <input_file_ref idref="fl-db"/>
      </object_component>
      <object_component id="oc-262">
         <name>.text</name>
         <load_address>0xa80c</load_address>
         <run_address>0xa80c</run_address>
         <size>0x36</size>
         <input_file_ref idref="fl-e7"/>
      </object_component>
      <object_component id="oc-122">
         <name>.text:throttleMotor1</name>
         <load_address>0xa844</load_address>
         <run_address>0xa844</run_address>
         <size>0x30</size>
         <input_file_ref idref="fl-c"/>
      </object_component>
      <object_component id="oc-12e">
         <name>.text:throttleMotor2</name>
         <load_address>0xa874</load_address>
         <run_address>0xa874</run_address>
         <size>0x30</size>
         <input_file_ref idref="fl-c"/>
      </object_component>
      <object_component id="oc-13a">
         <name>.text:throttleMotor3</name>
         <load_address>0xa8a4</load_address>
         <run_address>0xa8a4</run_address>
         <size>0x30</size>
         <input_file_ref idref="fl-c"/>
      </object_component>
      <object_component id="oc-5ac">
         <name>.text:bmi160_i2c_burst_read</name>
         <load_address>0xa8d4</load_address>
         <run_address>0xa8d4</run_address>
         <size>0x2e</size>
         <input_file_ref idref="fl-7"/>
      </object_component>
      <object_component id="oc-542">
         <name>.text</name>
         <load_address>0xa902</load_address>
         <run_address>0xa902</run_address>
         <size>0x2e</size>
         <input_file_ref idref="fl-dc"/>
      </object_component>
      <object_component id="oc-679">
         <name>.text:BME280_I2C_bus_read</name>
         <load_address>0xa930</load_address>
         <run_address>0xa930</run_address>
         <size>0x2c</size>
         <input_file_ref idref="fl-5"/>
      </object_component>
      <object_component id="oc-673">
         <name>.text:BME280_I2C_bus_write</name>
         <load_address>0xa95c</load_address>
         <run_address>0xa95c</run_address>
         <size>0x2c</size>
         <input_file_ref idref="fl-5"/>
      </object_component>
      <object_component id="oc-5a6">
         <name>.text:bmi160_i2c_bus_read</name>
         <load_address>0xa988</load_address>
         <run_address>0xa988</run_address>
         <size>0x2c</size>
         <input_file_ref idref="fl-7"/>
      </object_component>
      <object_component id="oc-5a0">
         <name>.text:bmi160_i2c_bus_write</name>
         <load_address>0xa9b4</load_address>
         <run_address>0xa9b4</run_address>
         <size>0x2c</size>
         <input_file_ref idref="fl-7"/>
      </object_component>
      <object_component id="oc-11c">
         <name>.text:getNewThrottle1</name>
         <load_address>0xa9e0</load_address>
         <run_address>0xa9e0</run_address>
         <size>0x2c</size>
         <input_file_ref idref="fl-c"/>
      </object_component>
      <object_component id="oc-1c3">
         <name>.text:sensorOpt3001Enable</name>
         <load_address>0xaa0c</load_address>
         <run_address>0xaa0c</run_address>
         <size>0x2c</size>
         <input_file_ref idref="fl-b"/>
      </object_component>
      <object_component id="oc-169">
         <name>.text:startCrystalOscillator</name>
         <load_address>0xaa38</load_address>
         <run_address>0xaa38</run_address>
         <size>0x28</size>
         <input_file_ref idref="fl-a"/>
      </object_component>
      <object_component id="oc-75f">
         <name>.text:DelayMs</name>
         <load_address>0xaa60</load_address>
         <run_address>0xaa60</run_address>
         <size>0x26</size>
         <input_file_ref idref="fl-8"/>
      </object_component>
      <object_component id="oc-506">
         <name>.text:CS_clearInterruptFlag</name>
         <load_address>0xaa88</load_address>
         <run_address>0xaa88</run_address>
         <size>0x24</size>
         <input_file_ref idref="fl-14"/>
      </object_component>
      <object_component id="oc-90">
         <name>.text:EUSCIA0_IRQHandler</name>
         <load_address>0xaaac</load_address>
         <run_address>0xaaac</run_address>
         <size>0x24</size>
         <input_file_ref idref="fl-e"/>
      </object_component>
      <object_component id="oc-4c0">
         <name>.text:UART_transmitData</name>
         <load_address>0xaad0</load_address>
         <run_address>0xaad0</run_address>
         <size>0x24</size>
         <input_file_ref idref="fl-18"/>
      </object_component>
      <object_component id="oc-84">
         <name>.text:WDT_A_IRQHandler</name>
         <load_address>0xaaf4</load_address>
         <run_address>0xaaf4</run_address>
         <size>0x20</size>
         <input_file_ref idref="fl-a"/>
      </object_component>
      <object_component id="oc-525">
         <name>.text</name>
         <load_address>0xab14</load_address>
         <run_address>0xab14</run_address>
         <size>0x20</size>
         <input_file_ref idref="fl-f8"/>
      </object_component>
      <object_component id="oc-301">
         <name>.text</name>
         <load_address>0xab34</load_address>
         <run_address>0xab34</run_address>
         <size>0x20</size>
         <input_file_ref idref="fl-e8"/>
      </object_component>
      <object_component id="oc-1c9">
         <name>.text:movingAvg</name>
         <load_address>0xab54</load_address>
         <run_address>0xab54</run_address>
         <size>0x1e</size>
         <input_file_ref idref="fl-a"/>
      </object_component>
      <object_component id="oc-17b">
         <name>.text:initI2C</name>
         <load_address>0xab74</load_address>
         <run_address>0xab74</run_address>
         <size>0x1c</size>
         <input_file_ref idref="fl-9"/>
      </object_component>
      <object_component id="oc-55f">
         <name>.text</name>
         <load_address>0xab90</load_address>
         <run_address>0xab90</run_address>
         <size>0x1c</size>
         <input_file_ref idref="fl-f7"/>
      </object_component>
      <object_component id="oc-7df">
         <name>.text:CS_getMCLK</name>
         <load_address>0xabac</load_address>
         <run_address>0xabac</run_address>
         <size>0x18</size>
         <input_file_ref idref="fl-14"/>
      </object_component>
      <object_component id="oc-110">
         <name>.text:CS_getSMCLK</name>
         <load_address>0xabc4</load_address>
         <run_address>0xabc4</run_address>
         <size>0x18</size>
         <input_file_ref idref="fl-14"/>
      </object_component>
      <object_component id="oc-8a">
         <name>.text:TA0_0_IRQHandler</name>
         <load_address>0xabdc</load_address>
         <run_address>0xabdc</run_address>
         <size>0x18</size>
         <input_file_ref idref="fl-a"/>
      </object_component>
      <object_component id="oc-68">
         <name>.text</name>
         <load_address>0xabf4</load_address>
         <run_address>0xabf4</run_address>
         <size>0x18</size>
         <input_file_ref idref="fl-eb"/>
      </object_component>
      <object_component id="oc-6fa">
         <name>.text</name>
         <load_address>0xac0c</load_address>
         <run_address>0xac0c</run_address>
         <size>0x18</size>
         <input_file_ref idref="fl-fd"/>
      </object_component>
      <object_component id="oc-553">
         <name>.text</name>
         <load_address>0xac24</load_address>
         <run_address>0xac24</run_address>
         <size>0x16</size>
         <input_file_ref idref="fl-fc"/>
      </object_component>
      <object_component id="oc-2df">
         <name>.text:CS_setExternalClockSourceFrequency</name>
         <load_address>0xac3c</load_address>
         <run_address>0xac3c</run_address>
         <size>0x14</size>
         <input_file_ref idref="fl-14"/>
      </object_component>
      <object_component id="oc-5c">
         <name>.text:_system_pre_init</name>
         <load_address>0xac50</load_address>
         <run_address>0xac50</run_address>
         <size>0x14</size>
         <input_file_ref idref="fl-a"/>
      </object_component>
      <object_component id="oc-255">
         <name>.text</name>
         <load_address>0xac64</load_address>
         <run_address>0xac64</run_address>
         <size>0x14</size>
         <input_file_ref idref="fl-e9"/>
      </object_component>
      <object_component id="oc-71e">
         <name>.text</name>
         <load_address>0xac78</load_address>
         <run_address>0xac78</run_address>
         <size>0x14</size>
         <input_file_ref idref="fl-104"/>
      </object_component>
      <object_component id="oc-803">
         <name>.text</name>
         <load_address>0xac8c</load_address>
         <run_address>0xac8c</run_address>
         <size>0x14</size>
         <input_file_ref idref="fl-106"/>
      </object_component>
      <object_component id="oc-237">
         <name>.text</name>
         <load_address>0xaca0</load_address>
         <run_address>0xaca0</run_address>
         <size>0x14</size>
         <input_file_ref idref="fl-e6"/>
      </object_component>
      <object_component id="oc-73e">
         <name>.text:SysCtl_disableNMISource</name>
         <load_address>0xacb4</load_address>
         <run_address>0xacb4</run_address>
         <size>0x10</size>
         <input_file_ref idref="fl-17"/>
      </object_component>
      <object_component id="oc-74a">
         <name>.text:SysCtl_enableNMISource</name>
         <load_address>0xacc4</load_address>
         <run_address>0xacc4</run_address>
         <size>0x10</size>
         <input_file_ref idref="fl-17"/>
      </object_component>
      <object_component id="oc-1a">
         <name>.text:decompress:none</name>
         <load_address>0xacd4</load_address>
         <run_address>0xacd4</run_address>
         <size>0xe</size>
         <input_file_ref idref="fl-d1"/>
      </object_component>
      <object_component id="oc-67f">
         <name>.text:BME280_delay_msek</name>
         <load_address>0xace2</load_address>
         <run_address>0xace2</run_address>
         <size>0xc</size>
         <input_file_ref idref="fl-5"/>
      </object_component>
      <object_component id="oc-78">
         <name>.text:Reset_Handler</name>
         <load_address>0xacee</load_address>
         <run_address>0xacee</run_address>
         <size>0xc</size>
         <input_file_ref idref="fl-3"/>
      </object_component>
      <object_component id="oc-738">
         <name>.text:SysCtl_getNMISourceStatus</name>
         <load_address>0xacfc</load_address>
         <run_address>0xacfc</run_address>
         <size>0xc</size>
         <input_file_ref idref="fl-17"/>
      </object_component>
      <object_component id="oc-5b2">
         <name>.text:bmi160_delay_ms</name>
         <load_address>0xad08</load_address>
         <run_address>0xad08</run_address>
         <size>0xc</size>
         <input_file_ref idref="fl-7"/>
      </object_component>
      <object_component id="oc-20">
         <name>.text:decompress:ZI</name>
         <load_address>0xad14</load_address>
         <run_address>0xad14</run_address>
         <size>0xc</size>
         <input_file_ref idref="fl-d2"/>
      </object_component>
      <object_component id="oc-1b1">
         <name>.text:sensorOpt3001Init</name>
         <load_address>0xad20</load_address>
         <run_address>0xad20</run_address>
         <size>0xc</size>
         <input_file_ref idref="fl-b"/>
      </object_component>
      <object_component id="oc-1b7">
         <name>.text:sensorTmp007Init</name>
         <load_address>0xad2c</load_address>
         <run_address>0xad2c</run_address>
         <size>0xa</size>
         <input_file_ref idref="fl-d"/>
      </object_component>
      <object_component id="oc-2e5">
         <name>.text:CS_startHFXT</name>
         <load_address>0xad36</load_address>
         <run_address>0xad36</run_address>
         <size>0x6</size>
         <input_file_ref idref="fl-14"/>
      </object_component>
      <object_component id="oc-2eb">
         <name>.text:CS_startLFXT</name>
         <load_address>0xad3c</load_address>
         <run_address>0xad3c</run_address>
         <size>0x6</size>
         <input_file_ref idref="fl-14"/>
      </object_component>
      <object_component id="oc-7e5">
         <name>.text:SysCtlDelay</name>
         <load_address>0xad42</load_address>
         <run_address>0xad42</run_address>
         <size>0x6</size>
         <input_file_ref idref="fl-8"/>
      </object_component>
      <object_component id="oc-6b9">
         <name>.const:tbl</name>
         <load_address>0xad48</load_address>
         <run_address>0xad48</run_address>
         <size>0x1000</size>
         <input_file_ref idref="fl-e3"/>
      </object_component>
      <object_component id="oc-728">
         <name>.const:.string:_ctypes_</name>
         <load_address>0xbd48</load_address>
         <run_address>0xbd48</run_address>
         <size>0x101</size>
         <input_file_ref idref="fl-ef"/>
      </object_component>
      <object_component id="oc-248">
         <name>.const:.string:wdtWakeUpPeriod</name>
         <load_address>0xbe49</load_address>
         <run_address>0xbe49</run_address>
         <size>0x8</size>
         <input_file_ref idref="fl-a"/>
      </object_component>
      <object_component id="oc-1d6">
         <name>.const:.string:timeSamplesBME</name>
         <load_address>0xbe51</load_address>
         <run_address>0xbe51</run_address>
         <size>0x6</size>
         <input_file_ref idref="fl-a"/>
      </object_component>
      <object_component id="oc-1df">
         <name>.const:.string:timeSamplesBMI</name>
         <load_address>0xbe57</load_address>
         <run_address>0xbe57</run_address>
         <size>0x6</size>
         <input_file_ref idref="fl-a"/>
      </object_component>
      <object_component id="oc-1dc">
         <name>.const:.string:timeSamplesBMM</name>
         <load_address>0xbe5d</load_address>
         <run_address>0xbe5d</run_address>
         <size>0x6</size>
         <input_file_ref idref="fl-a"/>
      </object_component>
      <object_component id="oc-1e5">
         <name>.const:.string:timeSamplesOPT</name>
         <load_address>0xbe63</load_address>
         <run_address>0xbe63</run_address>
         <size>0x6</size>
         <input_file_ref idref="fl-a"/>
      </object_component>
      <object_component id="oc-1e2">
         <name>.const:.string:timeSamplesTMP</name>
         <load_address>0xbe69</load_address>
         <run_address>0xbe69</run_address>
         <size>0x6</size>
         <input_file_ref idref="fl-a"/>
      </object_component>
      <object_component id="oc-857">
         <name>.cinit..data.load</name>
         <load_address>0xbe70</load_address>
         <run_address>0xbe70</run_address>
         <size>0xe3</size>
      </object_component>
      <object_component id="oc-855">
         <name>__TI_handler_table</name>
         <load_address>0xbf54</load_address>
         <run_address>0xbf54</run_address>
         <size>0xc</size>
      </object_component>
[...]
      </symbol>
      <symbol id="sm-dee">
         <name>main_func_sp</name>
         <value>0x20001748</value>
         <object_component_ref idref="oc-74"/>
      </symbol>
      <symbol id="sm-dfc">
         <name>strlen</name>
         <value>0xaca1</value>
         <object_component_ref idref="oc-237"/>
      </symbol>
      <symbol id="sm-e0c">
         <name>strncpy</name>
         <value>0xa80d</value>
         <object_component_ref idref="oc-262"/>
      </symbol>
      <symbol id="sm-e16">
         <name>__aeabi_ui2d</name>
         <value>0xab35</value>
         <object_component_ref idref="oc-301"/>
      </symbol>
      <symbol id="sm-e2f">
         <name>_nop</name>
         <value>0xac73</value>
         <object_component_ref idref="oc-255"/>
      </symbol>
      <symbol id="sm-e30">
         <name>_lock</name>
         <value>0x20001730</value>
         <object_component_ref idref="oc-e5"/>
      </symbol>
      <symbol id="sm-e31">
         <name>_unlock</name>
         <value>0x20001734</value>
         <object_component_ref idref="oc-e5"/>
      </symbol>
      <symbol id="sm-e32">
         <name>_register_lock</name>
         <value>0xac6b</value>
         <object_component_ref idref="oc-255"/>
      </symbol>
      <symbol id="sm-e33">
         <name>_register_unlock</name>
         <value>0xac65</value>
         <object_component_ref idref="oc-255"/>
      </symbol>
      <symbol id="sm-f34">
         <name>__TI_printfi</name>
         <value>0x925</value>
         <object_component_ref idref="oc-29e"/>
      </symbol>
      <symbol id="sm-f48">
         <name>_args_main</name>
         <value>0xabf5</value>
         <object_component_ref idref="oc-68"/>
      </symbol>
      <symbol id="sm-f5e">
         <name>atoi</name>
         <value>0xa1e9</value>
         <object_component_ref idref="oc-559"/>
      </symbol>
      <symbol id="sm-f88">
         <name>__TI_auto_init</name>
         <value>0x9471</value>
         <object_component_ref idref="oc-62"/>
      </symbol>
      <symbol id="sm-fa2">
         <name>copy_in</name>
         <value>0xa235</value>
         <object_component_ref idref="oc-cc"/>
      </symbol>
      <symbol id="sm-fad">
         <name>_ctypes_</name>
         <value>0xbd48</value>
         <object_component_ref idref="oc-728"/>
      </symbol>
      <symbol id="sm-fc2">
         <name>__TI_tmpnams</name>
         <value>0x20000b64</value>
      </symbol>
      <symbol id="sm-fc3">
         <name>__aeabi_stdout</name>
         <value>0x20001710</value>
         <object_component_ref idref="oc-6f5"/>
      </symbol>
      <symbol id="sm-fc4">
         <name>__aeabi_stderr</name>
         <value>0x20001714</value>
         <object_component_ref idref="oc-6f5"/>
      </symbol>
      <symbol id="sm-fc5">
         <name>__aeabi_stdin</name>
         <value>0x2000170c</value>
         <object_component_ref idref="oc-6f5"/>
      </symbol>
      <symbol id="sm-fc6">
         <name>_ftable</name>
         <value>0x2000140c</value>
         <object_component_ref idref="oc-2a4"/>
      </symbol>
      <symbol id="sm-fc7">
         <name>__TI_ft_end</name>
         <value>0x20001708</value>
         <object_component_ref idref="oc-6f5"/>
      </symbol>
      <symbol id="sm-fcf">
         <name>errno</name>
         <value>0x20001740</value>
         <object_component_ref idref="oc-6b6"/>
      </symbol>
      <symbol id="sm-fe6">
         <name>putc</name>
         <value>0x82c9</value>
         <object_component_ref idref="oc-292"/>
      </symbol>
      <symbol id="sm-fe7">
         <name>fputc</name>
         <value>0x82c9</value>
         <object_component_ref idref="oc-292"/>
      </symbol>
      <symbol id="sm-fe8">
         <name>putchar</name>
         <value>0x834d</value>
         <object_component_ref idref="oc-292"/>
      </symbol>
      <symbol id="sm-100a">
         <name>puts</name>
         <value>0x65c9</value>
         <object_component_ref idref="oc-298"/>
      </symbol>
      <symbol id="sm-100b">
         <name>fputs</name>
         <value>0x64bd</value>
         <object_component_ref idref="oc-298"/>
      </symbol>
      <symbol id="sm-105a">
         <name>open</name>
         <value>0x418f</value>
         <object_component_ref idref="oc-51d"/>
      </symbol>
      <symbol id="sm-105b">
         <name>add_device</name>
         <value>0x42b1</value>
         <object_component_ref idref="oc-51d"/>
      </symbol>
      <symbol id="sm-105c">
         <name>remove_device</name>
         <value>0x4143</value>
         <object_component_ref idref="oc-51d"/>
      </symbol>
      <symbol id="sm-105d">
         <name>lseek</name>
         <value>0x423d</value>
         <object_component_ref idref="oc-51d"/>
      </symbol>
      <symbol id="sm-105e">
         <name>read</name>
         <value>0x416b</value>
         <object_component_ref idref="oc-51d"/>
      </symbol>
      <symbol id="sm-105f">
         <name>rename</name>
         <value>0x4105</value>
         <object_component_ref idref="oc-51d"/>
      </symbol>
      <symbol id="sm-1060">
         <name>write</name>
         <value>0x4051</value>
         <object_component_ref idref="oc-51d"/>
      </symbol>
      <symbol id="sm-1061">
         <name>close</name>
         <value>0x4261</value>
         <object_component_ref idref="oc-51d"/>
      </symbol>
      <symbol id="sm-1062">
         <name>unlink</name>
         <value>0x40e1</value>
         <object_component_ref idref="oc-51d"/>
      </symbol>
      <symbol id="sm-1071">
         <name>ltoa</name>
         <value>0x9ae5</value>
         <object_component_ref idref="oc-53c"/>
      </symbol>
      <symbol id="sm-1081">
         <name>memccpy</name>
         <value>0xab91</value>
         <object_component_ref idref="oc-55f"/>
      </symbol>
      <symbol id="sm-1091">
         <name>memchr</name>
         <value>0xab15</value>
         <object_component_ref idref="oc-525"/>
      </symbol>
      <symbol id="sm-10ac">
         <name>frexpl</name>
         <value>0x9965</value>
         <object_component_ref idref="oc-547"/>
      </symbol>
      <symbol id="sm-10ad">
         <name>frexp</name>
         <value>0x9965</value>
         <object_component_ref idref="oc-547"/>
      </symbol>
      <symbol id="sm-10ca">
         <name>scalbn</name>
         <value>0x6b41</value>
         <object_component_ref idref="oc-54d"/>
      </symbol>
      <symbol id="sm-10cb">
         <name>scalbnl</name>
         <value>0x6b41</value>
         <object_component_ref idref="oc-54d"/>
      </symbol>
      <symbol id="sm-10cc">
         <name>ldexpl</name>
         <value>0x6b41</value>
         <object_component_ref idref="oc-54d"/>
      </symbol>
      <symbol id="sm-10cd">
         <name>ldexp</name>
         <value>0x6b41</value>
         <object_component_ref idref="oc-54d"/>
      </symbol>
      <symbol id="sm-10d7">
         <name>_system_post_cinit</name>
         <value>0x64bb</value>
         <object_component_ref idref="oc-d2"/>
      </symbol>
      <symbol id="sm-10e7">
         <name>strchr</name>
         <value>0xac25</value>
         <object_component_ref idref="oc-553"/>
      </symbol>
      <symbol id="sm-10f6">
         <name>strcmp</name>
         <value>0xac0d</value>
         <object_component_ref idref="oc-6fa"/>
      </symbol>
      <symbol id="sm-111d">
         <name>HOSTgetenv</name>
         <value>0x3f91</value>
         <object_component_ref idref="oc-7b9"/>
      </symbol>
      <symbol id="sm-111e">
         <name>HOSTrename</name>
         <value>0x3e39</value>
         <object_component_ref idref="oc-7b9"/>
      </symbol>
      <symbol id="sm-111f">
         <name>HOSTclose</name>
         <value>0x3fcf</value>
         <object_component_ref idref="oc-7b9"/>
      </symbol>
      <symbol id="sm-1120">
         <name>HOSTtime64</name>
         <value>0x3db1</value>
         <object_component_ref idref="oc-7b9"/>
      </symbol>
      <symbol id="sm-1121">
         <name>HOSTunlink</name>
         <value>0x3d79</value>
         <object_component_ref idref="oc-7b9"/>
      </symbol>
      <symbol id="sm-1122">
         <name>HOSTlseek</name>
         <value>0x3f35</value>
         <object_component_ref idref="oc-7b9"/>
      </symbol>
      <symbol id="sm-1123">
         <name>HOSTopen</name>
         <value>0x3ee3</value>
         <object_component_ref idref="oc-7b9"/>
      </symbol>
      <symbol id="sm-1124">
         <name>HOSTclock</name>
         <value>0x4007</value>
         <object_component_ref idref="oc-7b9"/>
      </symbol>
      <symbol id="sm-1125">
         <name>HOSTwrite</name>
         <value>0x3d2d</value>
         <object_component_ref idref="oc-7b9"/>
      </symbol>
      <symbol id="sm-1126">
         <name>HOSTread</name>
         <value>0x3e97</value>
         <object_component_ref idref="oc-7b9"/>
      </symbol>
      <symbol id="sm-1127">
         <name>HOSTtime</name>
         <value>0x3dff</value>
         <object_component_ref idref="oc-7b9"/>
      </symbol>
      <symbol id="sm-1142">
         <name>__TI_readmsg</name>
         <value>0x973b</value>
         <object_component_ref idref="oc-7fd"/>
      </symbol>
      <symbol id="sm-1143">
         <name>C$$IO$$</name>
         <value>0x9737</value>
         <object_component_ref idref="oc-7fd"/>
      </symbol>
      <symbol id="sm-1144">
         <name>__CIOBUF_</name>
         <value>0x20000a44</value>
         <object_component_ref idref="oc-81d"/>
      </symbol>
      <symbol id="sm-1145">
         <name>__TI_writemsg</name>
         <value>0x9709</value>
         <object_component_ref idref="oc-7fd"/>
      </symbol>
      <symbol id="sm-1161">
         <name>__aeabi_uldivmod</name>
         <value>0x4d1d</value>
         <object_component_ref idref="oc-52d"/>
      </symbol>
      <symbol id="sm-117f">
         <name>__TI_wrt_ok</name>
         <value>0x7bf9</value>
         <object_component_ref idref="oc-511"/>
      </symbol>
      <symbol id="sm-1180">
         <name>__TI_rd_ok</name>
         <value>0x7c5b</value>
         <object_component_ref idref="oc-511"/>
      </symbol>
      <symbol id="sm-119a">
         <name>__TI_doflush</name>
         <value>0x7545</value>
         <object_component_ref idref="oc-517"/>
      </symbol>
      <symbol id="sm-119b">
         <name>fflush</name>
         <value>0x7591</value>
         <object_component_ref idref="oc-517"/>
      </symbol>
      <symbol id="sm-11ad">
         <name>fseek</name>
         <value>0x9901</value>
         <object_component_ref idref="oc-6e7"/>
      </symbol>
      <symbol id="sm-11b7">
         <name>copysign</name>
         <value>0xac79</value>
         <object_component_ref idref="oc-71e"/>
      </symbol>
      <symbol id="sm-11b8">
         <name>copysignl</name>
         <value>0xac79</value>
         <object_component_ref idref="oc-71e"/>
      </symbol>
      <symbol id="sm-11d4">
         <name>setvbuf</name>
         <value>0x71f1</value>
         <object_component_ref idref="oc-6ed"/>
      </symbol>
      <symbol id="sm-11e2">
         <name>strcpy</name>
         <value>0xac8d</value>
         <object_component_ref idref="oc-803"/>
      </symbol>
      <symbol id="sm-1219">
         <name>__TI_cleanup</name>
         <value>0x4fd9</value>
         <object_component_ref idref="oc-7a4"/>
      </symbol>
      <symbol id="sm-121a">
         <name>freopen</name>
         <value>0x5005</value>
         <object_component_ref idref="oc-7a4"/>
      </symbol>
      <symbol id="sm-121b">
         <name>fopen</name>
         <value>0x502f</value>
         <object_component_ref idref="oc-7a4"/>
      </symbol>
      <symbol id="sm-128a">
         <name>_sys_memory</name>
         <value>0x20001750</value>
         <object_component_ref idref="oc-30"/>
      </symbol>
      <symbol id="sm-128b">
         <name>free</name>
         <value>0x36ef</value>
         <object_component_ref idref="oc-79e"/>
      </symbol>
      <symbol id="sm-128c">
         <name>realloc</name>
         <value>0x37b1</value>
         <object_component_ref idref="oc-79e"/>
      </symbol>
      <symbol id="sm-128d">
         <name>memalign</name>
         <value>0x38b9</value>
         <object_component_ref idref="oc-79e"/>
      </symbol>
      <symbol id="sm-128e">
         <name>calloc</name>
         <value>0x39a5</value>
         <object_component_ref idref="oc-79e"/>
      </symbol>
      <symbol id="sm-128f">
         <name>malloc</name>
         <value>0x3685</value>
         <object_component_ref idref="oc-79e"/>
      </symbol>
      <symbol id="sm-1290">
         <name>minit</name>
         <value>0x3605</value>
         <object_component_ref idref="oc-79e"/>
      </symbol>
      <symbol id="sm-12a6">
         <name>__TI_closefile</name>
         <value>0x8231</value>
         <object_component_ref idref="oc-7f0"/>
      </symbol>
      <symbol id="sm-12a7">
         <name>fclose</name>
         <value>0x8297</value>
         <object_component_ref idref="oc-7f0"/>
      </symbol>
      <symbol id="sm-12a9">
         <name>__TI_static_base__</name>
         <value>0x0</value>
      </symbol>
      <symbol id="sm-12ac">
         <name>SHT$$INIT_ARRAY$$Limit</name>
         <value>0x0</value>
      </symbol>
      <symbol id="sm-12ad">
         <name>SHT$$INIT_ARRAY$$Base</name>
         <value>0x0</value>
      </symbol>
      <symbol id="sm-12ae">
         <name>NMI_Handler</name>
         <value>0x121f</value>
      </symbol>
      <symbol id="sm-12af">
         <name>HardFault_Handler</name>
         <value>0x121f</value>
      </symbol>
      <symbol id="sm-12b0">
         <name>MemManage_Handler</name>
         <value>0x121f</value>
      </symbol>
      <symbol id="sm-12b1">
         <name>BusFault_Handler</name>
         <value>0x121f</value>
      </symbol>
      <symbol id="sm-12b2">
         <name>UsageFault_Handler</name>
         <value>0x121f</value>
      </symbol>
      <symbol id="sm-12b3">
         <name>SVC_Handler</name>
         <value>0x121f</value>
      </symbol>
      <symbol id="sm-12b4">
         <name>DebugMon_Handler</name>
         <value>0x121f</value>
      </symbol>
      <symbol id="sm-12b5">
         <name>PendSV_Handler</name>
         <value>0x121f</value>
      </symbol>
      <symbol id="sm-12b6">
         <name>SysTick_Handler</name>
         <value>0x121f</value>
      </symbol>
      <symbol id="sm-12b7">
         <name>PSS_IRQHandler</name>
         <value>0x121f</value>
      </symbol>
      <symbol id="sm-12b8">
         <name>CS_IRQHandler</name>
         <value>0x121f</value>
      </symbol>
      <symbol id="sm-12b9">
         <name>PCM_IRQHandler</name>
         <value>0x121f</value>
      </symbol>
      <symbol id="sm-12ba">
         <name>WDT_A_IRQHandler</name>
         <value>0xaaf5</value>
      </symbol>
      <symbol id="sm-12bb">
         <name>FPU_IRQHandler</name>
         <value>0x121f</value>
      </symbol>
      <symbol id="sm-12bc">
         <name>FLCTL_IRQHandler</name>
         <value>0x121f</value>
      </symbol>
      <symbol id="sm-12bd">
         <name>COMP_E0_IRQHandler</name>
         <value>0x121f</value>
      </symbol>
      <symbol id="sm-12be">
         <name>COMP_E1_IRQHandler</name>
         <value>0x121f</value>
      </symbol>
      <symbol id="sm-12bf">
         <name>TA0_0_IRQHandler</name>
         <value>0xabdd</value>
      </symbol>
      <symbol id="sm-12c0">
         <name>TA0_N_IRQHandler</name>
         <value>0x121f</value>
      </symbol>
      <symbol id="sm-12c1">
         <name>TA1_0_IRQHandler</name>
         <value>0x121f</value>
      </symbol>
      <symbol id="sm-12c2">
         <name>TA1_N_IRQHandler</name>
         <value>0x121f</value>
      </symbol>
      <symbol id="sm-12c3">
         <name>TA2_0_IRQHandler</name>
         <value>0x121f</value>
      </symbol>
      <symbol id="sm-12c4">
         <name>TA2_N_IRQHandler</name>
         <value>0x121f</value>
      </symbol>
      <symbol id="sm-12c5">
         <name>TA3_0_IRQHandler</name>
         <value>0x121f</value>
      </symbol>
      <symbol id="sm-12c6">
         <name>TA3_N_IRQHandler</name>
         <value>0x121f</value>
      </symbol>
      <symbol id="sm-12c7">
         <name>EUSCIA0_IRQHandler</name>
         <value>0xaaad</value>
      </symbol>
      <symbol id="sm-12c8">
         <name>EUSCIA1_IRQHandler</name>
         <value>0x121f</value>
      </symbol>
      <symbol id="sm-12c9">
         <name>EUSCIA2_IRQHandler</name>
         <value>0x121f</value>
      </symbol>
      <symbol id="sm-12ca">
         <name>EUSCIA3_IRQHandler</name>
         <value>0x121f</value>
      </symbol>
      <symbol id="sm-12cb">
         <name>EUSCIB0_IRQHandler</name>
         <value>0x121f</value>
      </symbol>
      <symbol id="sm-12cc">
         <name>EUSCIB1_IRQHandler</name>
         <value>0x7105</value>
      </symbol>
      <symbol id="sm-12cd">
         <name>EUSCIB2_IRQHandler</name>
         <value>0x121f</value>
      </symbol>
      <symbol id="sm-12ce">
         <name>EUSCIB3_IRQHandler</name>
         <value>0x121f</value>
      </symbol>
      <symbol id="sm-12cf">
         <name>ADC14_IRQHandler</name>
         <value>0x121f</value>
      </symbol>
      <symbol id="sm-12d0">
         <name>T32_INT1_IRQHandler</name>
         <value>0x121f</value>
      </symbol>
      <symbol id="sm-12d1">
         <name>T32_INT2_IRQHandler</name>
         <value>0x121f</value>
      </symbol>
      <symbol id="sm-12d2">
         <name>T32_INTC_IRQHandler</name>
         <value>0x121f</value>
      </symbol>
      <symbol id="sm-12d3">
         <name>AES256_IRQHandler</name>
         <value>0x121f</value>
      </symbol>
      <symbol id="sm-12d4">
         <name>RTC_C_IRQHandler</name>
         <value>0x121f</value>
      </symbol>
      <symbol id="sm-12d5">
         <name>DMA_ERR_IRQHandler</name>
         <value>0x121f</value>
      </symbol>
      <symbol id="sm-12d6">
         <name>DMA_INT3_IRQHandler</name>
         <value>0x121f</value>
      </symbol>
      <symbol id="sm-12d7">
         <name>DMA_INT2_IRQHandler</name>
         <value>0x121f</value>
      </symbol>
      <symbol id="sm-12d8">
         <name>DMA_INT1_IRQHandler</name>
         <value>0x121f</value>
      </symbol>
      <symbol id="sm-12d9">
         <name>DMA_INT0_IRQHandler</name>
         <value>0x121f</value>
      </symbol>
      <symbol id="sm-12da">
         <name>PORT1_IRQHandler</name>
         <value>0x6949</value>
      </symbol>
      <symbol id="sm-12db">
         <name>PORT2_IRQHandler</name>
         <value>0x121f</value>
      </symbol>
      <symbol id="sm-12dc">
         <name>PORT3_IRQHandler</name>
         <value>0x121f</value>
      </symbol>
      <symbol id="sm-12dd">
         <name>PORT4_IRQHandler</name>
         <value>0x121f</value>
      </symbol>
      <symbol id="sm-12de">
         <name>PORT5_IRQHandler</name>
         <value>0xa435</value>
      </symbol>
      <symbol id="sm-12df">
         <name>PORT6_IRQHandler</name>
         <value>0x121f</value>
      </symbol>
      <symbol id="sm-12e0">
         <name>remove</name>
         <value>0x40e1</value>
      </symbol>
   </symbol_table>
   <title>Link successful</title>
</link_info>
