******************************************************************************
                  TI ARM Linker PC v16.9.0                     
******************************************************************************
>> Linked Thu Apr 27 19:02:31 2017

OUTPUT FILE NAME:   <boostxl_sensors_sensorGui_msp432p401r_MSP_EXP432P401R_nortos_ccs.out>
ENTRY POINT SYMBOL: "_c_int00"  address: 00009ddd


MEMORY CONFIGURATION

         name            origin    length      used     unused   attr    fill
----------------------  --------  ---------  --------  --------  ----  --------
  MAIN                  00000000   00040000  0000bf77  00034089  R  X
  INFO                  00200000   00004000  00000000  00004000  R  X
  SRAM_CODE             01000000   00010000  0000274d  0000d8b3  RW X
  SRAM_DATA             20000000   00010000  0000274d  0000d8b3  RW  


SEGMENT ALLOCATION MAP

run origin  load origin   length   init length attrs members
----------  ----------- ---------- ----------- ----- -------
00000000    00000000    0000bf78   0000bf78    r-x
  00000000    00000000    000000e4   000000e4    r-- .intvecs
  000000e4    000000e4    0000ac64   0000ac64    r-x .text
  0000ad48    0000ad48    00001127   00001127    r-- .const
  0000be70    0000be70    00000108   00000108    r-- .cinit
20000000    20000000    00001f50   00000000    rw-
  20000000    20000000    00000cdc   00000000    rw- .bss
  20000cdc    20000cdc    00000a71   00000000    rw- .data
  20001750    20001750    00000800   00000000    rw- .sysmem
2000f800    2000f800    00000800   00000000    rw-
  2000f800    2000f800    00000800   00000000    rw- .stack


SECTION ALLOCATION MAP

 output                                  attributes/
section   page    origin      length       input sections
--------  ----  ----------  ----------   ----------------
.intvecs   0    00000000    000000e4     
                  00000000    000000e4     startup_msp432p401r_ccs.obj (.intvecs:retain)

.binit     0    00000000    00000000     

.text      0    000000e4    0000ac64     
                  000000e4    0000113a     rtsv7M4_T_le_v4SPD16_eabi.lib : _printfi.obj (.text)
                  0000121e    00000002     startup_msp432p401r_ccs.obj (.text:Default_Handler)
                  00001220    00000b10     main.obj (.text:main)
                  00001d30    00000a58     bmi160_support.obj (.text:bmi160_config_running_mode)
                  00002788    000009d0     bmi160.obj (.text:bmi160_read_fifo_header_data)
                  00003158    000004ac     bmi160.obj (.text:bmi160_read_bmm150_mag_trim)
                  00003604    000003d0     rtsv7M4_T_le_v4SPD16_eabi.lib : memory.obj (.text)
                  000039d4    00000358     bmi160.obj (.text:bmi160_set_bmm150_mag_presetmode)
                  00003d2c    00000324     rtsv7M4_T_le_v4SPD16_eabi.lib : trgdrv.obj (.text)
                  00004050    0000030c                                   : lowlev.obj (.text)
                  0000435c    000002d8     bmi160.obj (.text:bmi160_set_intr_enable_0)
                  00004634    0000029c     bmi160.obj (.text:bmi160_bmm150_mag_interface_init)
                  000048d0    00000250     bmi160.obj (.text:bmi160_accel_foc_trigger_xyz)
                  00004b20    000001fc     rtsv7M4_T_le_v4SPD16_eabi.lib : s_exp2.obj (.text)
                  00004d1c    000001f4                                   : ull_div_t2.obj (.text)
                  00004f10    000001c4                                   : fopen.obj (.text)
                  000050d4    000001b6                                   : fd_add_t2.obj (.text)
                  0000528a    00000002                                   : mpu_init.obj (.text)
                  0000528c    000001a0     bme280.obj (.text:bme280_get_calib_param)
                  0000542c    00000198     bme280.obj (.text:bme280_set_oversamp_humidity)
                  000055c4    0000018c     bmi160.obj (.text:bmi160_set_foc_gyro_enable)
                  00005750    00000178     bme280.obj (.text:bme280_set_power_mode)
                  000058c8    0000016c     bme280.obj (.text:bme280_set_oversamp_temperature)
                  00005a34    00000164     bme280.obj (.text:bme280_set_standby_durn)
                  00005b98    00000160     bmi160.obj (.text:bmi160_bmm150_mag_set_power_mode)
                  00005cf8    0000015c     uart_driver.obj (.text:uartInit)
                  00005e54    00000158     bme280.obj (.text:bme280_set_oversamp_pressure)
                  00005fac    00000158     bmi160.obj (.text:bmi160_set_intr_enable_2)
                  00006104    00000144     i2c_driver.obj (.text:readBurstI2C)
                  00006248    0000013c     i2c_driver.obj (.text:readI2C)
                  00006384    00000136     rtsv7M4_T_le_v4SPD16_eabi.lib : fd_div_t2.obj (.text)
                  000064ba    00000002                                   : startup.obj (.text)
                  000064bc    00000134                                   : fputs.obj (.text)
                  000065f0    00000130     bme280.obj (.text:bme280_compensate_pressure_int32)
                  00006720    00000124     bmi160.obj (.text:bmi160_set_bmm150_mag_and_secondary_if_power_mode)
                  00006844    00000104     msp432p4xx_driverlib.lib : cs.o (.text:CS_getDCOFrequency)
                  00006948    000000fc     main.obj (.text:PORT1_IRQHandler)
                  00006a44    000000fc     rtsv7M4_T_le_v4SPD16_eabi.lib : fd_mul_t2.obj (.text)
                  00006b40    000000fc                                   : s_scalbn.obj (.text)
                  00006c3c    000000f8     bmi160.obj (.text:bmi160_set_intr_fifo_wm)
                  00006d34    000000f8     bmi160.obj (.text:bmi160_set_intr_level)
                  00006e2c    000000f8     bmi160.obj (.text:bmi160_set_output_enable)
                  00006f24    000000f0     bme280_support.obj (.text:bme280_data_readout_template)
                  00007014    000000f0     i2c_driver.obj (.text:writeI2C)
                  00007104    000000ec     i2c_driver.obj (.text:EUSCIB1_IRQHandler)
                  000071f0    000000dc     rtsv7M4_T_le_v4SPD16_eabi.lib : setvbuf.obj (.text)
                  000072cc    000000d4     bmi160.obj (.text:bmi160_bmm150_mag_wakeup)
                  000073a0    000000d4     tmp007.obj (.text:sensorTmp007Read)
                  00007474    000000d0     bmi160.obj (.text:bmi160_set_gyro_output_data_rate)
                  00007544    000000c8     rtsv7M4_T_le_v4SPD16_eabi.lib : fflush.obj (.text)
                  0000760c    000000c4     bmi160.obj (.text:bmi160_bmm150_mag_compensate_X)
                  000076d0    000000c4     bmi160.obj (.text:bmi160_bmm150_mag_compensate_Y)
                  00007794    000000c0     bme280.obj (.text:bme280_compensate_humidity_int32)
                  00007854    000000c0     bmi160.obj (.text:bmi160_read_mag_xyzr)
                  00007914    000000bc     bmi160.obj (.text:bmi160_get_gyro_offset_compensation_yaxis)
                  000079d0    000000bc     bmi160.obj (.text:bmi160_get_gyro_offset_compensation_zaxis)
                  00007a8c    000000b8     bmi160.obj (.text:bmi160_get_gyro_offset_compensation_xaxis)
                  00007b44    000000b4     main.obj (.text:setSystemClock)
                  00007bf8    000000ac     rtsv7M4_T_le_v4SPD16_eabi.lib : _io_perm.obj (.text)
                  00007ca4    000000ac     uart_driver.obj (.text:uartReceive)
                  00007d50    000000a8     bmi160.obj (.text:bmi160_set_mag_output_data_rate)
                  00007df8    0000009c     msp432p4xx_driverlib.lib : cs.o (.text:CS_startHFXTWithTimeout)
                  00007e94    0000009c                              : cs.o (.text:CS_startLFXTWithTimeout)
                  00007f30    0000009c                              : cs.o (.text:_CSComputeCLKFrequency)
                  00007fcc    0000009c     rtsv7M4_T_le_v4SPD16_eabi.lib : memcpy_t2.obj (.text)
                  00008068    00000098     bme280.obj (.text:bme280_read_uncomp_pressure_temperature_humidity)
                  00008100    00000098     bmi160.obj (.text:bmi160_set_accel_output_data_rate)
                  00008198    00000098     timer_a_pwm_mode.obj (.text:pwmInit)
                  00008230    00000098     rtsv7M4_T_le_v4SPD16_eabi.lib : fclose.obj (.text)
                  000082c8    00000098                                   : fputc.obj (.text)
                  00008360    00000094     bmi160.obj (.text:bmi160_bmm150_mag_compensate_Z)
                  000083f4    00000094     rtsv7M4_T_le_v4SPD16_eabi.lib : snprintf.obj (.text)
                  00008488    00000090     bmi160.obj (.text:bmi160_set_accel_bw)
                  00008518    00000090     bmi160.obj (.text:bmi160_set_fifo_accel_enable)
                  000085a8    00000090     bmi160.obj (.text:bmi160_set_fifo_gyro_enable)
                  00008638    00000090     bmi160.obj (.text:bmi160_set_fifo_header_enable)
                  000086c8    00000090     bmi160.obj (.text:bmi160_set_fifo_mag_enable)
                  00008758    00000090     bmi160.obj (.text:bmi160_set_fifo_stop_on_full)
                  000087e8    00000090     bmi160.obj (.text:bmi160_set_fifo_time_enable)
                  00008878    00000090     bmi160.obj (.text:bmi160_set_gyro_bw)
                  00008908    00000090     bmi160.obj (.text:bmi160_set_gyro_sleep_state)
                  00008998    00000090     bmi160.obj (.text:bmi160_set_gyro_sleep_trigger)
                  00008a28    00000090     bmi160.obj (.text:bmi160_set_gyro_wakeup_intr)
                  00008ab8    00000090     bmi160.obj (.text:bmi160_set_gyro_wakeup_trigger)
                  00008b48    00000090     bmi160.obj (.text:bmi160_set_if_mode)
                  00008bd8    00000090     bmi160.obj (.text:bmi160_set_mag_manual_enable)
                  00008c68    00000090     bmi160.obj (.text:bmi160_set_paging_enable)
                  00008cf8    00000090     bmi160.obj (.text:bmi160_set_pullup_configuration)
                  00008d88    00000090     bmi160.obj (.text:bmi160_set_target_page)
                  00008e18    00000086     rtsv7M4_T_le_v4SPD16_eabi.lib : fd_cmp_t2.obj (.text:__aeabi_cdcmple)
                  00008e9e    00000086                                   : fd_cmp_t2.obj (.text:__aeabi_cdrcmple)
                  00008f24    00000080     bmi160_support.obj (.text:bmi160_interrupt_configuration)
                  00008fa4    00000080     bmi160.obj (.text:bmi160_set_accel_offset_enable)
                  00009024    00000080     bmi160.obj (.text:bmi160_set_gyro_offset_enable)
                  000090a4    00000080     bmi160.obj (.text:bmi160_set_i2c_device_addr)
                  00009124    0000007c     bme280.obj (.text:bme280_compensate_temperature_int32)
                  000091a0    0000007c     timer_a_pwm_mode.obj (.text:enableButtons)
                  0000921c    0000007a     rtsv7M4_T_le_v4SPD16_eabi.lib : memset_t2.obj (.text)
                  00009296    00000002     --HOLE-- [fill = 0]
                  00009298    00000078     system_msp432p401r.obj (.text:SystemInit)
                  00009310    00000078     bmi160.obj (.text:bmi160_read_accel_xyz)
                  00009388    00000078     bmi160.obj (.text:bmi160_read_gyro_xyz)
                  00009400    00000070     msp432p4xx_driverlib.lib : cs.o (.text:_CSGetHFXTFrequency)
                  00009470    00000070     rtsv7M4_T_le_v4SPD16_eabi.lib : autoinit.obj (.text)
                  000094e0    00000070                                   : printf.obj (.text)
                  00009550    00000070     opt3001.obj (.text:sensorOpt3001Convert)
                  000095c0    00000070     tmp007.obj (.text:sensorTmp007Enable)
                  00009630    0000006e     rtsv7M4_T_le_v4SPD16_eabi.lib : fd_tos_t2.obj (.text)
                  0000969e    00000068                                   : copy_decompress_lzss.obj (.text:decompress:lzss)
                  00009706    00000002     --HOLE-- [fill = 0]
                  00009708    00000068                                   : trgmsg.obj (.text)
                  00009770    00000064     bme280.obj (.text:bme280_read_pressure_temperature_humidity)
                  000097d4    00000064     bme280.obj (.text:bme280_read_uncomp_pressure)
                  00009838    00000064     bme280.obj (.text:bme280_read_uncomp_temperature)
                  0000989c    00000064     bmi160.obj (.text:bmi160_init)
                  00009900    00000064     rtsv7M4_T_le_v4SPD16_eabi.lib : fseek.obj (.text)
                  00009964    00000064                                   : s_frexp.obj (.text)
                  000099c8    00000064     opt3001.obj (.text:sensorOpt3001Read)
                  00009a2c    0000005c     bme280.obj (.text:bme280_init)
                  00009a88    0000005c     bme280.obj (.text:bme280_read_uncomp_humidity)
                  00009ae4    00000056     rtsv7M4_T_le_v4SPD16_eabi.lib : ltoa.obj (.text)
                  00009b3a    00000002     --HOLE-- [fill = 0]
                  00009b3c    00000054     bme280.obj (.text:bme280_get_power_mode)
                  00009b90    00000054     bme280.obj (.text:bme280_get_standby_durn)
                  00009be4    00000054     bmi160.obj (.text:bmi160_get_foc_rdy)
                  00009c38    00000054     bmi160.obj (.text:bmi160_get_if_mode)
                  00009c8c    00000054     bmi160.obj (.text:bmi160_get_mag_manual_enable)
                  00009ce0    00000054     bmi160.obj (.text:bmi160_get_paging_enable)
                  00009d34    00000054     bmi160.obj (.text:bmi160_get_pullup_configuration)
                  00009d88    00000054     bmi160.obj (.text:bmi160_get_target_page)
                  00009ddc    00000054     rtsv7M4_T_le_v4SPD16_eabi.lib : boot.obj (.text)
                  00009e30    00000054                                   : exit.obj (.text)
                  00009e84    00000052     bmi160.obj (.text:bmi160_bmm150_mag_compensate_xyz)
                  00009ed6    00000002     --HOLE-- [fill = 0]
                  00009ed8    00000050     msp432p4xx_driverlib.lib : sysctl.o (.text:SysCtl_getTLVInfo)
                  00009f28    00000050     bmi160.obj (.text:bmi160_get_accel_offset_compensation_xaxis)
                  00009f78    00000050     bmi160.obj (.text:bmi160_get_accel_offset_compensation_yaxis)
                  00009fc8    00000050     bmi160.obj (.text:bmi160_get_accel_offset_compensation_zaxis)
                  0000a018    00000050     bmi160.obj (.text:bmi160_get_mag_power_mode_stat)
                  0000a068    00000050     tmp007.obj (.text:sensorTmp007Convert)
                  0000a0b8    0000004c     msp432p4xx_driverlib.lib : gpio.o (.text:GPIO_setAsPeripheralModuleFunctionOutputPin)
                  0000a104    0000004c                              : cs.o (.text:_CSGetDOCFrequency)
                  0000a150    0000004c     bme280.obj (.text:bme280_read_register)
                  0000a19c    0000004c     bme280.obj (.text:bme280_write_register)
                  0000a1e8    0000004c     rtsv7M4_T_le_v4SPD16_eabi.lib : atoi.obj (.text)
                  0000a234    0000004c                                   : cpy_tbl.obj (.text)
                  0000a280    0000004c     uart_driver.obj (.text:sendText)
                  0000a2cc    00000048     msp432p4xx_driverlib.lib : cs.o (.text:_CSGetDividerValue)
                  0000a314    00000048     bmi160.obj (.text:bmi160_read_reg)
                  0000a35c    00000048     bmi160.obj (.text:bmi160_write_reg)
                  0000a3a4    00000048     bmi160_support.obj (.text:i2c_routine)
                  0000a3ec    00000048     rtsv7M4_T_le_v4SPD16_eabi.lib : fd_toi_t2.obj (.text)
                  0000a434    00000044     main.obj (.text:PORT5_IRQHandler)
                  0000a478    00000044     bme280.obj (.text:bme280_set_soft_rst)
                  0000a4bc    00000044     rtsv7M4_T_le_v4SPD16_eabi.lib : fd_tou_t2.obj (.text)
                  0000a500    00000040     bmi160.obj (.text:bmi160_fifo_data)
                  0000a540    00000040     bmi160.obj (.text:bmi160_set_command_register)
                  0000a580    00000040     bmi160.obj (.text:bmi160_set_fifo_wm)
                  0000a5c0    00000040     bmi160.obj (.text:bmi160_set_mag_read_addr)
                  0000a600    00000040     bmi160.obj (.text:bmi160_set_mag_write_addr)
                  0000a640    00000040     bmi160.obj (.text:bmi160_set_mag_write_data)
                  0000a680    0000003c     bmi160_support.obj (.text:bmi160_initialize_sensor)
                  0000a6bc    00000038     bme280_support.obj (.text:I2C_routine)
                  0000a6f4    00000038     timer_a_pwm_mode.obj (.text:getNewThrottle2)
                  0000a72c    00000038     timer_a_pwm_mode.obj (.text:getNewThrottle3)
                  0000a764    00000038     timer_a_pwm_mode.obj (.text:getNewThrottle4)
                  0000a79c    00000038     uart_driver.obj (.text:receiveText)
                  0000a7d4    00000038     rtsv7M4_T_le_v4SPD16_eabi.lib : fs_tod_t2.obj (.text)
                  0000a80c    00000036                                   : strncpy.obj (.text)
                  0000a842    00000002     --HOLE-- [fill = 0]
                  0000a844    00000030     timer_a_pwm_mode.obj (.text:throttleMotor1)
                  0000a874    00000030     timer_a_pwm_mode.obj (.text:throttleMotor2)
                  0000a8a4    00000030     timer_a_pwm_mode.obj (.text:throttleMotor3)
                  0000a8d4    0000002e     bmi160_support.obj (.text:bmi160_i2c_burst_read)
                  0000a902    0000002e     rtsv7M4_T_le_v4SPD16_eabi.lib : i_tofd_t2.obj (.text)
                  0000a930    0000002c     bme280_support.obj (.text:BME280_I2C_bus_read)
                  0000a95c    0000002c     bme280_support.obj (.text:BME280_I2C_bus_write)
                  0000a988    0000002c     bmi160_support.obj (.text:bmi160_i2c_bus_read)
                  0000a9b4    0000002c     bmi160_support.obj (.text:bmi160_i2c_bus_write)
                  0000a9e0    0000002c     timer_a_pwm_mode.obj (.text:getNewThrottle1)
                  0000aa0c    0000002c     opt3001.obj (.text:sensorOpt3001Enable)
                  0000aa38    00000028     main.obj (.text:startCrystalOscillator)
                  0000aa60    00000026     demo_sysctl.obj (.text:DelayMs)
                  0000aa86    00000002     --HOLE-- [fill = 0]
                  0000aa88    00000024     msp432p4xx_driverlib.lib : cs.o (.text:CS_clearInterruptFlag)
                  0000aaac    00000024     uart_driver.obj (.text:EUSCIA0_IRQHandler)
                  0000aad0    00000024     msp432p4xx_driverlib.lib : uart.o (.text:UART_transmitData)
                  0000aaf4    00000020     main.obj (.text:WDT_A_IRQHandler)
                  0000ab14    00000020     rtsv7M4_T_le_v4SPD16_eabi.lib : memchr.obj (.text)
                  0000ab34    00000020                                   : u_tofd_t2.obj (.text)
                  0000ab54    0000001e     main.obj (.text:movingAvg)
                  0000ab72    00000002     --HOLE-- [fill = 0]
                  0000ab74    0000001c     i2c_driver.obj (.text:initI2C)
                  0000ab90    0000001c     rtsv7M4_T_le_v4SPD16_eabi.lib : memccpy.obj (.text)
                  0000abac    00000018     msp432p4xx_driverlib.lib : cs.o (.text:CS_getMCLK)
                  0000abc4    00000018                              : cs.o (.text:CS_getSMCLK)
                  0000abdc    00000018     main.obj (.text:TA0_0_IRQHandler)
                  0000abf4    00000018     rtsv7M4_T_le_v4SPD16_eabi.lib : args_main.obj (.text)
                  0000ac0c    00000018                                   : strcmp.obj (.text)
                  0000ac24    00000016                                   : strchr.obj (.text)
                  0000ac3a    00000002     --HOLE-- [fill = 0]
                  0000ac3c    00000014     msp432p4xx_driverlib.lib : cs.o (.text:CS_setExternalClockSourceFrequency)
                  0000ac50    00000014     main.obj (.text:_system_pre_init)
                  0000ac64    00000014     rtsv7M4_T_le_v4SPD16_eabi.lib : _lock.obj (.text)
                  0000ac78    00000014                                   : s_copysign.obj (.text)
                  0000ac8c    00000014                                   : strcpy.obj (.text)
                  0000aca0    00000014                                   : strlen.obj (.text)
                  0000acb4    00000010     msp432p4xx_driverlib.lib : sysctl.o (.text:SysCtl_disableNMISource)
                  0000acc4    00000010                              : sysctl.o (.text:SysCtl_enableNMISource)
                  0000acd4    0000000e     rtsv7M4_T_le_v4SPD16_eabi.lib : copy_decompress_none.obj (.text:decompress:none)
                  0000ace2    0000000c     bme280_support.obj (.text:BME280_delay_msek)
                  0000acee    0000000c     startup_msp432p401r_ccs.obj (.text:Reset_Handler)
                  0000acfa    00000002     --HOLE-- [fill = 0]
                  0000acfc    0000000c     msp432p4xx_driverlib.lib : sysctl.o (.text:SysCtl_getNMISourceStatus)
                  0000ad08    0000000c     bmi160_support.obj (.text:bmi160_delay_ms)
                  0000ad14    0000000c     rtsv7M4_T_le_v4SPD16_eabi.lib : copy_zero_init.obj (.text:decompress:ZI)
                  0000ad20    0000000c     opt3001.obj (.text:sensorOpt3001Init)
                  0000ad2c    0000000a     tmp007.obj (.text:sensorTmp007Init)
                  0000ad36    00000006     msp432p4xx_driverlib.lib : cs.o (.text:CS_startHFXT)
                  0000ad3c    00000006                              : cs.o (.text:CS_startLFXT)
                  0000ad42    00000006     demo_sysctl.obj (.text:SysCtlDelay)

.const     0    0000ad48    00001127     
                  0000ad48    00001000     rtsv7M4_T_le_v4SPD16_eabi.lib : s_exp2.obj (.const:tbl)
                  0000bd48    00000101                                   : ctype.obj (.const:.string:_ctypes_)
                  0000be49    00000008     main.obj (.const:.string:wdtWakeUpPeriod)
                  0000be51    00000006     main.obj (.const:.string:timeSamplesBME)
                  0000be57    00000006     main.obj (.const:.string:timeSamplesBMI)
                  0000be5d    00000006     main.obj (.const:.string:timeSamplesBMM)
                  0000be63    00000006     main.obj (.const:.string:timeSamplesOPT)
                  0000be69    00000006     main.obj (.const:.string:timeSamplesTMP)

.cinit     0    0000be70    00000108     
                  0000be70    000000e3     (.cinit..data.load) [load image, compression = lzss]
                  0000bf53    00000001     --HOLE-- [fill = 0]
                  0000bf54    0000000c     (__TI_handler_table)
                  0000bf60    00000008     (.cinit..bss.load) [load image, compression = zero_init]
                  0000bf68    00000010     (__TI_cinit_table)

.init_array 
*          0    00000000    00000000     UNINITIALIZED

.bss       0    20000000    00000cdc     UNINITIALIZED
                  20000000    0000036c     (.common:accel_fifo)
                  2000036c    0000036c     (.common:gyro_fifo)
                  200006d8    0000036c     (.common:mag_fifo)
                  20000a44    00000120     rtsv7M4_T_le_v4SPD16_eabi.lib : trgmsg.obj (.bss:_CIOBUF_)
                  20000b64    000000a0     (.common:__TI_tmpnams)
                  20000c04    0000003c     (.common:bme280)
                  20000c40    00000014     (.common:s_bmi160)
                  20000c54    00000010     bmi160.obj (.bss:mag_trim)
                  20000c64    0000000c     (.common:s_magcompXYZ)
                  20000c70    00000008     rtsv7M4_T_le_v4SPD16_eabi.lib : trgdrv.obj (.bss:parmbuf)
                  20000c78    00000006     (.common:accelxyz)
                  20000c7e    00000006     (.common:gyroxyz)
                  20000c84    00000006     (.common:s_accelXYZ)
                  20000c8a    00000006     (.common:s_gyroXYZ)
                  20000c90    00000004     bme280.obj (.bss)
                  20000c94    00000004     bmi160.obj (.bss)
                  20000c98    00000004     tmp007.obj (.bss:buf)
                  20000c9c    00000004     (.common:convertedLux)
                  20000ca0    00000004     (.common:g_ui32ByteCount)
                  20000ca4    00000004     (.common:hfxtFreq)
                  20000ca8    00000004     (.common:lfxtFreq)
                  20000cac    00000004     (.common:pData)
                  20000cb0    00000004     (.common:returnRslt)
                  20000cb4    00000004     (.common:tObjAmb)
                  20000cb8    00000004     (.common:tObjTemp)
                  20000cbc    00000002     tmp007.obj (.bss)
                  20000cbe    00000002     (.common:deltaAccelX)
                  20000cc0    00000002     (.common:deltaAccelY)
                  20000cc2    00000002     (.common:deltaAccelZ)
                  20000cc4    00000002     (.common:gyroAbsX)
                  20000cc6    00000002     (.common:gyroAbsY)
                  20000cc8    00000002     (.common:gyroAbsZ)
                  20000cca    00000002     (.common:gyro_off_x)
                  20000ccc    00000002     (.common:gyro_off_y)
                  20000cce    00000002     (.common:gyro_off_z)
                  20000cd0    00000002     (.common:rawData)
                  20000cd2    00000002     (.common:rawObjTemp)
                  20000cd4    00000002     (.common:rawTemp)
                  20000cd6    00000001     (.common:accel_off_x)
                  20000cd7    00000001     (.common:accel_off_y)
                  20000cd8    00000001     (.common:accel_off_z)
                  20000cd9    00000001     (.common:returnValue)
                  20000cda    00000001     (.common:ui8DummyRead)
                  20000cdb    00000001     (.common:ui8Status)

.data      0    20000cdc    00000a71     UNINITIALIZED
                  20000cdc    00000400     bmi160.obj (.data:v_fifo_data_u8)
                  200010dc    0000021f     uart_driver.obj (.data:test)
                  200012fb    0000010f     uart_driver.obj (.data:pieceOfString$2)
                  2000140a    00000002     uart_driver.obj (.data)
                  2000140c    000000f0     rtsv7M4_T_le_v4SPD16_eabi.lib : defs.obj (.data:_ftable)
                  200014fc    000000d0                                   : lowlev.obj (.data:$O1$$)
                  200015cc    00000058     main.obj (.data)
                  20001624    00000040     main.obj (.data:rxMsgData)
                  20001664    00000030     msp432p4xx_driverlib.lib : gpio.o (.data:GPIO_PORT_TO_BASE)
                  20001694    00000018     timer_a_pwm_mode.obj (.data:pwmConfigA1_1)
                  200016ac    00000018     timer_a_pwm_mode.obj (.data:pwmConfigA1_2)
                  200016c4    00000018     timer_a_pwm_mode.obj (.data:pwmConfigA1_3)
                  200016dc    00000018     timer_a_pwm_mode.obj (.data:pwmConfigA1_4)
                  200016f4    00000014     i2c_driver.obj (.data:i2cConfig)
                  20001708    00000010     rtsv7M4_T_le_v4SPD16_eabi.lib : defs.obj (.data)
                  20001718    0000000c                                   : exit.obj (.data:$O1$$)
                  20001724    0000000c                                   : memory.obj (.data:$O1$$)
                  20001730    00000008                                   : _lock.obj (.data:$O1$$)
                  20001738    00000008     bmi160.obj (.data)
                  20001740    00000004     rtsv7M4_T_le_v4SPD16_eabi.lib : errno.obj (.data)
                  20001744    00000004                                   : fopen.obj (.data)
                  20001748    00000004                                   : stkdepth_vars.obj (.data)
                  2000174c    00000001     i2c_driver.obj (.data)

.sysmem    0    20001750    00000800     UNINITIALIZED
                  20001750    00000008     rtsv7M4_T_le_v4SPD16_eabi.lib : memory.obj (.sysmem)
                  20001758    000007f8     --HOLE--

.stack     0    2000f800    00000800     UNINITIALIZED
                  2000f800    00000800     --HOLE--

MODULE SUMMARY

       Module                        code    ro data   rw data
       ------                        ----    -------   -------
    .\
       system_msp432p401r.obj        120     0         0      
    +--+-----------------------------+-------+---------+---------+
       Total:                        120     0         0      
                                                              
    .\ccs\
       startup_msp432p401r_ccs.obj   14      228       0      
    +--+-----------------------------+-------+---------+---------+
       Total:                        14      228       0      
                                                              
    .\src\
       bmi160.obj                    15318   0         7360   
       main.obj                      3478    38        440    
       bme280.obj                    3908    0         8      
       bmi160_support.obj            3054    0         64     
       uart_driver.obj               688     0         1632   
       i2c_driver.obj                1144    0         62     
       timer_a_pwm_mode.obj          632     0         192    
       bme280_support.obj            396     0         120    
       tmp007.obj                    414     0         12     
       opt3001.obj                   268     0         0      
       demo_sysctl.obj               44      0         0      
    +--+-----------------------------+-------+---------+---------+
       Total:                        29344   38        9890   
                                                              
    C:/ti/tirex-content/simplelink_msp432_sdk_1_20_00_45/source/ti/devices/msp432p4xx/driverlib/ccs/msp432p4xx_driverlib.lib
       cs.o                          1104    0         16     
       gpio.o                        76      0         96     
       sysctl.o                      124     0         0      
       uart.o                        36      0         0      
    +--+-----------------------------+-------+---------+---------+
       Total:                        1340    0         112    
                                                              
    D:\ti\ccsv7\tools\compiler\ti-cgt-arm_16.9.0.LTS\lib\rtsv7M4_T_le_v4SPD16_eabi.lib
       s_exp2.obj                    508     4096      0      
       _printfi.obj                  4410    0         0      
       lowlev.obj                    780     0         416    
       memory.obj                    976     0         24     
       defs.obj                      0       0         832    
       trgdrv.obj                    804     0         16     
       trgmsg.obj                    104     0         576    
       ull_div_t2.obj                500     0         0      
       fopen.obj                     452     0         8      
       fd_add_t2.obj                 438     0         0      
       fd_div_t2.obj                 310     0         0      
       fputs.obj                     308     0         0      
       fd_cmp_t2.obj                 268     0         0      
       ctype.obj                     0       257       0      
       fd_mul_t2.obj                 252     0         0      
       s_scalbn.obj                  252     0         0      
       setvbuf.obj                   220     0         0      
       fflush.obj                    200     0         0      
       _io_perm.obj                  172     0         0      
       memcpy_t2.obj                 156     0         0      
       fclose.obj                    152     0         0      
       fputc.obj                     152     0         0      
       snprintf.obj                  148     0         0      
       memset_t2.obj                 122     0         0      
       autoinit.obj                  112     0         0      
       printf.obj                    112     0         0      
       fd_tos_t2.obj                 110     0         0      
       exit.obj                      84      0         24     
       copy_decompress_lzss.obj      104     0         0      
       fseek.obj                     100     0         0      
       s_frexp.obj                   100     0         0      
       ltoa.obj                      86      0         0      
       boot.obj                      84      0         0      
       atoi.obj                      76      0         0      
       cpy_tbl.obj                   76      0         0      
       fd_toi_t2.obj                 72      0         0      
       fd_tou_t2.obj                 68      0         0      
       fs_tod_t2.obj                 56      0         0      
       strncpy.obj                   54      0         0      
       i_tofd_t2.obj                 46      0         0      
       _lock.obj                     20      0         16     
       memchr.obj                    32      0         0      
       u_tofd_t2.obj                 32      0         0      
       memccpy.obj                   28      0         0      
       args_main.obj                 24      0         0      
       strcmp.obj                    24      0         0      
       strchr.obj                    22      0         0      
       s_copysign.obj                20      0         0      
       strcpy.obj                    20      0         0      
       strlen.obj                    20      0         0      
       copy_decompress_none.obj      14      0         0      
       copy_zero_init.obj            12      0         0      
       errno.obj                     0       0         8      
       stkdepth_vars.obj             0       0         8      
       mpu_init.obj                  2       0         0      
       startup.obj                   2       0         0      
    +--+-----------------------------+-------+---------+---------+
       Total:                        13296   4353      1928   
                                                              
       Heap:                         0       0         4096   
       Stack:                        0       0         4096   
       Linker Generated:             0       263       0      
    +--+-----------------------------+-------+---------+---------+
       Grand Total:                  44114   4882      20122  


LINKER GENERATED COPY TABLES

__TI_cinit_table @ 0000bf68 records: 2, size/record: 8, table size: 16
	.data: load addr=0000be70, load size=000000e3 bytes, run addr=20000cdc, run size=00000a71 bytes, compression=lzss
	.bss: load addr=0000bf60, load size=00000008 bytes, run addr=20000000, run size=00000cdc bytes, compression=zero_init


LINKER GENERATED HANDLER TABLE

__TI_handler_table @ 0000bf54 records: 3, size/record: 4, table size: 12
	index: 0, handler: __TI_decompress_lzss
	index: 1, handler: __TI_decompress_none
	index: 2, handler: __TI_zero_init


GLOBAL SYMBOLS: SORTED ALPHABETICALLY BY Name 

address   name                                             
-------   ----                                             
0000121f  ADC14_IRQHandler                                 
0000121f  AES256_IRQHandler                                
0000a931  BME280_I2C_bus_read                              
0000a95d  BME280_I2C_bus_write                             
0000ace3  BME280_delay_msek                                
20001620  BME_on                                           
20001621  BMI_on                                           
0000121f  BusFault_Handler                                 
00009e31  C$$EXIT                                          
00009737  C$$IO$$                                          
0000121f  COMP_E0_IRQHandler                               
0000121f  COMP_E1_IRQHandler                               
0000121f  CS_IRQHandler                                    
0000aa89  CS_clearInterruptFlag                            
00006845  CS_getDCOFrequency                               
0000abad  CS_getMCLK                                       
0000abc5  CS_getSMCLK                                      
0000ac3d  CS_setExternalClockSourceFrequency               
0000ad37  CS_startHFXT                                     
00007df9  CS_startHFXTWithTimeout                          
0000ad3d  CS_startLFXT                                     
00007e95  CS_startLFXTWithTimeout                          
0000121f  DMA_ERR_IRQHandler                               
0000121f  DMA_INT0_IRQHandler                              
0000121f  DMA_INT1_IRQHandler                              
0000121f  DMA_INT2_IRQHandler                              
0000121f  DMA_INT3_IRQHandler                              
0000121f  DebugMon_Handler                                 
0000121f  Default_Handler                                  
0000aa61  DelayMs                                          
0000aaad  EUSCIA0_IRQHandler                               
0000aaad  EUSCIA0_IRQHandler                               
0000121f  EUSCIA1_IRQHandler                               
0000121f  EUSCIA2_IRQHandler                               
0000121f  EUSCIA3_IRQHandler                               
0000121f  EUSCIB0_IRQHandler                               
00007105  EUSCIB1_IRQHandler                               
00007105  EUSCIB1_IRQHandler                               
0000121f  EUSCIB2_IRQHandler                               
0000121f  EUSCIB3_IRQHandler                               
0000121f  FLCTL_IRQHandler                                 
0000121f  FPU_IRQHandler                                   
0000a0b9  GPIO_setAsPeripheralModuleFunctionOutputPin      
00004007  HOSTclock                                        
00003fcf  HOSTclose                                        
00003f91  HOSTgetenv                                       
00003f35  HOSTlseek                                        
00003ee3  HOSTopen                                         
00003e97  HOSTread                                         
00003e39  HOSTrename                                       
00003dff  HOSTtime                                         
00003db1  HOSTtime64                                       
00003d79  HOSTunlink                                       
00003d2d  HOSTwrite                                        
0000121f  HardFault_Handler                                
0000a6bd  I2C_routine                                      
0000121f  MemManage_Handler                                
0000121f  NMI_Handler                                      
20001623  OPT_on                                           
0000121f  PCM_IRQHandler                                   
00006949  PORT1_IRQHandler                                 
00006949  PORT1_IRQHandler                                 
0000121f  PORT2_IRQHandler                                 
0000121f  PORT3_IRQHandler                                 
0000121f  PORT4_IRQHandler                                 
0000a435  PORT5_IRQHandler                                 
0000a435  PORT5_IRQHandler                                 
0000121f  PORT6_IRQHandler                                 
0000121f  PSS_IRQHandler                                   
0000121f  PendSV_Handler                                   
0000121f  RTC_C_IRQHandler                                 
0000acef  Reset_Handler                                    
UNDEFED   SHT$$INIT_ARRAY$$Base                            
UNDEFED   SHT$$INIT_ARRAY$$Limit                           
0000121f  SVC_Handler                                      
0000ad43  SysCtlDelay                                      
0000acb5  SysCtl_disableNMISource                          
0000acc5  SysCtl_enableNMISource                           
0000acfd  SysCtl_getNMISourceStatus                        
00009ed9  SysCtl_getTLVInfo                                
0000121f  SysTick_Handler                                  
00009299  SystemInit                                       
0000121f  T32_INT1_IRQHandler                              
0000121f  T32_INT2_IRQHandler                              
0000121f  T32_INTC_IRQHandler                              
0000abdd  TA0_0_IRQHandler                                 
0000abdd  TA0_0_IRQHandler                                 
0000121f  TA0_N_IRQHandler                                 
0000121f  TA1_0_IRQHandler                                 
0000121f  TA1_N_IRQHandler                                 
0000121f  TA2_0_IRQHandler                                 
0000121f  TA2_N_IRQHandler                                 
0000121f  TA3_0_IRQHandler                                 
0000121f  TA3_N_IRQHandler                                 
20001622  TMP_on                                           
0000aad1  UART_transmitData                                
0000121f  UsageFault_Handler                               
20001738  V_bmm150_maual_auto_condition_u8                 
2000173c  V_fifo_time_U32                                  
4000480c  WDTCTL_SYM                                       
0000aaf5  WDT_A_IRQHandler                                 
0000aaf5  WDT_A_IRQHandler                                 
200015e0  WDTcount                                         
20000a44  __CIOBUF_                                        
20010000  __STACK_END                                      
00000800  __STACK_SIZE                                     
00000800  __SYSMEM_SIZE                                    
0000bf68  __TI_CINIT_Base                                  
0000bf78  __TI_CINIT_Limit                                 
0000bf54  __TI_Handler_Table_Base                          
0000bf60  __TI_Handler_Table_Limit                         
00009471  __TI_auto_init                                   
00004fd9  __TI_cleanup                                     
20001718  __TI_cleanup_ptr                                 
00008231  __TI_closefile                                   
0000969f  __TI_decompress_lzss                             
0000acd5  __TI_decompress_none                             
00007545  __TI_doflush                                     
2000171c  __TI_dtors_ptr                                   
20001720  __TI_enable_exit_profile_output                  
20001708  __TI_ft_end                                      
ffffffff  __TI_pprof_out_hndl                              
00000925  __TI_printfi                                     
ffffffff  __TI_prof_data_size                              
ffffffff  __TI_prof_data_start                             
00007c5b  __TI_rd_ok                                       
0000973b  __TI_readmsg                                     
00000000  __TI_static_base__                               
20000b64  __TI_tmpnams                                     
00009709  __TI_writemsg                                    
00007bf9  __TI_wrt_ok                                      
0000ad15  __TI_zero_init                                   
00008e19  __aeabi_cdcmpeq                                  
00008e19  __aeabi_cdcmple                                  
00008e9f  __aeabi_cdrcmple                                 
00009631  __aeabi_d2f                                      
0000a3ed  __aeabi_d2iz                                     
0000a4bd  __aeabi_d2uiz                                    
000050df  __aeabi_dadd                                     
00006385  __aeabi_ddiv                                     
00006a45  __aeabi_dmul                                     
000050d5  __aeabi_dsub                                     
0000a7d5  __aeabi_f2d                                      
0000a903  __aeabi_i2d                                      
0000921d  __aeabi_memclr                                   
0000921d  __aeabi_memclr4                                  
0000921d  __aeabi_memclr8                                  
00007fcd  __aeabi_memcpy                                   
00007fcd  __aeabi_memcpy4                                  
00007fcd  __aeabi_memcpy8                                  
0000921f  __aeabi_memset                                   
0000921f  __aeabi_memset4                                  
0000921f  __aeabi_memset8                                  
20001714  __aeabi_stderr                                   
2000170c  __aeabi_stdin                                    
20001710  __aeabi_stdout                                   
0000ab35  __aeabi_ui2d                                     
00004d1d  __aeabi_uldivmod                                 
ffffffff  __binit__                                        
ffffffff  __c_args__                                       
0000528b  __mpu_init                                       
2000f800  __stack                                          
0000abf5  _args_main                                       
00009ddd  _c_int00                                         
0000bd48  _ctypes_                                         
2000140c  _ftable                                          
20001730  _lock                                            
0000ac73  _nop                                             
0000ac6b  _register_lock                                   
0000ac65  _register_unlock                                 
20001750  _sys_memory                                      
000064bb  _system_post_cinit                               
0000ac51  _system_pre_init                                 
20001734  _unlock                                          
00009e35  abort                                            
20001614  accelAvgX                                        
20001618  accelAvgY                                        
2000161c  accelAvgZ                                        
20000000  accel_fifo                                       
20000cd6  accel_off_x                                      
20000cd7  accel_off_y                                      
20000cd8  accel_off_z                                      
20000c78  accelxyz                                         
000042b1  add_device                                       
0000a1e9  atoi                                             
ffffffff  binit                                            
20000c04  bme280                                           
00007795  bme280_compensate_humidity_int32                 
000065f1  bme280_compensate_pressure_int32                 
00009125  bme280_compensate_temperature_int32              
00006f25  bme280_data_readout_template                     
0000528d  bme280_get_calib_param                           
00009b3d  bme280_get_power_mode                            
00009b91  bme280_get_standby_durn                          
00009a2d  bme280_init                                      
00009771  bme280_read_pressure_temperature_humidity        
0000a151  bme280_read_register                             
00009a89  bme280_read_uncomp_humidity                      
000097d5  bme280_read_uncomp_pressure                      
00008069  bme280_read_uncomp_pressure_temperature_humidity 
00009839  bme280_read_uncomp_temperature                   
0000542d  bme280_set_oversamp_humidity                     
00005e55  bme280_set_oversamp_pressure                     
000058c9  bme280_set_oversamp_temperature                  
00005751  bme280_set_power_mode                            
0000a479  bme280_set_soft_rst                              
00005a35  bme280_set_standby_durn                          
0000a19d  bme280_write_register                            
000048d1  bmi160_accel_foc_trigger_xyz                     
0000760d  bmi160_bmm150_mag_compensate_X                   
000076d1  bmi160_bmm150_mag_compensate_Y                   
00008361  bmi160_bmm150_mag_compensate_Z                   
00009e85  bmi160_bmm150_mag_compensate_xyz                 
00004635  bmi160_bmm150_mag_interface_init                 
00005b99  bmi160_bmm150_mag_set_power_mode                 
000072cd  bmi160_bmm150_mag_wakeup                         
00001d31  bmi160_config_running_mode                       
0000ad09  bmi160_delay_ms                                  
0000a501  bmi160_fifo_data                                 
00009f29  bmi160_get_accel_offset_compensation_xaxis       
00009f79  bmi160_get_accel_offset_compensation_yaxis       
00009fc9  bmi160_get_accel_offset_compensation_zaxis       
00009be5  bmi160_get_foc_rdy                               
00007a8d  bmi160_get_gyro_offset_compensation_xaxis        
00007915  bmi160_get_gyro_offset_compensation_yaxis        
000079d1  bmi160_get_gyro_offset_compensation_zaxis        
00009c39  bmi160_get_if_mode                               
00009c8d  bmi160_get_mag_manual_enable                     
0000a019  bmi160_get_mag_power_mode_stat                   
00009ce1  bmi160_get_paging_enable                         
00009d35  bmi160_get_pullup_configuration                  
00009d89  bmi160_get_target_page                           
0000a8d5  bmi160_i2c_burst_read                            
0000a989  bmi160_i2c_bus_read                              
0000a9b5  bmi160_i2c_bus_write                             
0000989d  bmi160_init                                      
0000a681  bmi160_initialize_sensor                         
00008f25  bmi160_interrupt_configuration                   
00009311  bmi160_read_accel_xyz                            
00003159  bmi160_read_bmm150_mag_trim                      
00002789  bmi160_read_fifo_header_data                     
00009389  bmi160_read_gyro_xyz                             
00007855  bmi160_read_mag_xyzr                             
0000a315  bmi160_read_reg                                  
00008489  bmi160_set_accel_bw                              
00008fa5  bmi160_set_accel_offset_enable                   
00008101  bmi160_set_accel_output_data_rate                
00006721  bmi160_set_bmm150_mag_and_secondary_if_power_mode
000039d5  bmi160_set_bmm150_mag_presetmode                 
0000a541  bmi160_set_command_register                      
00008519  bmi160_set_fifo_accel_enable                     
000085a9  bmi160_set_fifo_gyro_enable                      
00008639  bmi160_set_fifo_header_enable                    
000086c9  bmi160_set_fifo_mag_enable                       
00008759  bmi160_set_fifo_stop_on_full                     
000087e9  bmi160_set_fifo_time_enable                      
0000a581  bmi160_set_fifo_wm                               
000055c5  bmi160_set_foc_gyro_enable                       
00008879  bmi160_set_gyro_bw                               
00009025  bmi160_set_gyro_offset_enable                    
00007475  bmi160_set_gyro_output_data_rate                 
00008909  bmi160_set_gyro_sleep_state                      
00008999  bmi160_set_gyro_sleep_trigger                    
00008a29  bmi160_set_gyro_wakeup_intr                      
00008ab9  bmi160_set_gyro_wakeup_trigger                   
000090a5  bmi160_set_i2c_device_addr                       
00008b49  bmi160_set_if_mode                               
0000435d  bmi160_set_intr_enable_0                         
00005fad  bmi160_set_intr_enable_2                         
00006c3d  bmi160_set_intr_fifo_wm                          
00006d35  bmi160_set_intr_level                            
00008bd9  bmi160_set_mag_manual_enable                     
00007d51  bmi160_set_mag_output_data_rate                  
0000a5c1  bmi160_set_mag_read_addr                         
0000a601  bmi160_set_mag_write_addr                        
0000a641  bmi160_set_mag_write_data                        
00006e2d  bmi160_set_output_enable                         
00008c69  bmi160_set_paging_enable                         
00008cf9  bmi160_set_pullup_configuration                  
00008d89  bmi160_set_target_page                           
0000a35d  bmi160_write_reg                                 
2000174c  burstMode                                        
000039a5  calloc                                           
00004261  close                                            
20000c9c  convertedLux                                     
0000a235  copy_in                                          
0000ac79  copysign                                         
0000ac79  copysignl                                        
20000cbe  deltaAccelX                                      
20000cc0  deltaAccelY                                      
20000cc2  deltaAccelZ                                      
200015f4  dominant                                         
000091a1  enableButtons                                    
20001740  errno                                            
00009e3d  exit                                             
00004b21  exp2                                             
00004b21  exp2l                                            
00008297  fclose                                           
00007591  fflush                                           
0000502f  fopen                                            
000082c9  fputc                                            
000064bd  fputs                                            
000036ef  free                                             
00005005  freopen                                          
00009965  frexp                                            
00009965  frexpl                                           
00009901  fseek                                            
200015d4  g_s32ActualTemp                                  
200015dc  g_u32ActualHumity                                
200015d8  g_u32ActualPress                                 
20000ca0  g_ui32ByteCount                                  
200015f0  getGestures                                      
0000a9e1  getNewThrottle1                                  
0000a6f5  getNewThrottle2                                  
0000a72d  getNewThrottle3                                  
0000a765  getNewThrottle4                                  
20000cc4  gyroAbsX                                         
20000cc6  gyroAbsY                                         
20000cc8  gyroAbsZ                                         
20001608  gyroAvgX                                         
2000160c  gyroAvgY                                         
20001610  gyroAvgZ                                         
2000036c  gyro_fifo                                        
20000cca  gyro_off_x                                       
20000ccc  gyro_off_y                                       
20000cce  gyro_off_z                                       
20000c7e  gyroxyz                                          
200016f4  i2cConfig                                        
0000a3a5  i2c_routine                                      
0000ab75  initI2C                                          
00000000  interruptVectors                                 
00006b41  ldexp                                            
00006b41  ldexpl                                           
0000423d  lseek                                            
00009ae5  ltoa                                             
200006d8  mag_fifo                                         
00001221  main                                             
20001748  main_func_sp                                     
00003685  malloc                                           
000038b9  memalign                                         
0000ab91  memccpy                                          
0000ab15  memchr                                           
00007fcd  memcpy                                           
00009225  memset                                           
00003605  minit                                            
0000ab55  movingAvg                                        
200015ec  numChars                                         
200015e4  numMsgsRx                                        
0000418f  open                                             
20000cac  pData                                            
200015f8  prevAccelX                                       
200015fa  prevAccelY                                       
200015fc  prevAccelZ                                       
200015fe  prevGyroX                                        
20001600  prevGyroY                                        
20001602  prevGyroZ                                        
000094e9  printf                                           
000082c9  putc                                             
0000834d  putchar                                          
000065c9  puts                                             
20001694  pwmConfigA1_1                                    
200016ac  pwmConfigA1_2                                    
200016c4  pwmConfigA1_3                                    
200016dc  pwmConfigA1_4                                    
00008199  pwmInit                                          
20000cd0  rawData                                          
20000cd2  rawObjTemp                                       
20000cd4  rawTemp                                          
0000416b  read                                             
00006105  readBurstI2C                                     
00006249  readI2C                                          
000037b1  realloc                                          
0000a79d  receiveText                                      
000040e1  remove                                           
00004143  remove_device                                    
00004105  rename                                           
20000cb0  returnRslt                                       
20000cd9  returnValue                                      
20001624  rxMsgData                                        
20000c84  s_accelXYZ                                       
20000c40  s_bmi160                                         
20000c8a  s_gyroXYZ                                        
20000c64  s_magcompXYZ                                     
200015ce  sampleTimePeriodBME                              
200015cc  sampleTimePeriodBMI                              
200015cd  sampleTimePeriodBMM                              
200015d0  sampleTimePeriodOPT                              
200015cf  sampleTimePeriodTMP                              
00006b41  scalbn                                           
00006b41  scalbnl                                          
0000a281  sendText                                         
00009551  sensorOpt3001Convert                             
0000aa0d  sensorOpt3001Enable                              
0000ad21  sensorOpt3001Init                                
000099c9  sensorOpt3001Read                                
0000a069  sensorTmp007Convert                              
000095c1  sensorTmp007Enable                               
0000ad2d  sensorTmp007Init                                 
000073a1  sensorTmp007Read                                 
00007b45  setSystemClock                                   
000071f1  setvbuf                                          
000083f5  snprintf                                         
0000aa39  startCrystalOscillator                           
20001604  stillCount                                       
0000ac25  strchr                                           
0000ac0d  strcmp                                           
0000ac8d  strcpy                                           
0000aca1  strlen                                           
0000a80d  strncpy                                          
20000cb4  tObjAmb                                          
20000cb8  tObjTemp                                         
200015e8  tempIndex                                        
200010dc  test                                             
0000a845  throttleMotor1                                   
0000a875  throttleMotor2                                   
0000a8a5  throttleMotor3                                   
0000be51  timeSamplesBME                                   
0000be57  timeSamplesBMI                                   
0000be5d  timeSamplesBMM                                   
0000be63  timeSamplesOPT                                   
0000be69  timeSamplesTMP                                   
00005cf9  uartInit                                         
00007ca5  uartReceive                                      
20000cda  ui8DummyRead                                     
20000cdb  ui8Status                                        
000040e1  unlink                                           
20000cdc  v_fifo_data_u8                                   
0000be49  wdtWakeUpPeriod                                  
200015d1  wdtWakeUpPeriodIndex                             
00004051  write                                            
00007015  writeI2C                                         


GLOBAL SYMBOLS: SORTED BY Symbol Address 

address   name                                             
-------   ----                                             
00000000  __TI_static_base__                               
00000000  interruptVectors                                 
00000800  __STACK_SIZE                                     
00000800  __SYSMEM_SIZE                                    
00000925  __TI_printfi                                     
0000121f  ADC14_IRQHandler                                 
0000121f  AES256_IRQHandler                                
0000121f  BusFault_Handler                                 
0000121f  COMP_E0_IRQHandler                               
0000121f  COMP_E1_IRQHandler                               
0000121f  CS_IRQHandler                                    
0000121f  DMA_ERR_IRQHandler                               
0000121f  DMA_INT0_IRQHandler                              
0000121f  DMA_INT1_IRQHandler                              
0000121f  DMA_INT2_IRQHandler                              
0000121f  DMA_INT3_IRQHandler                              
0000121f  DebugMon_Handler                                 
0000121f  Default_Handler                                  
0000121f  EUSCIA1_IRQHandler                               
0000121f  EUSCIA2_IRQHandler                               
0000121f  EUSCIA3_IRQHandler                               
0000121f  EUSCIB0_IRQHandler                               
0000121f  EUSCIB2_IRQHandler                               
0000121f  EUSCIB3_IRQHandler                               
0000121f  FLCTL_IRQHandler                                 
0000121f  FPU_IRQHandler                                   
0000121f  HardFault_Handler                                
0000121f  MemManage_Handler                                
0000121f  NMI_Handler                                      
0000121f  PCM_IRQHandler                                   
0000121f  PORT2_IRQHandler                                 
0000121f  PORT3_IRQHandler                                 
0000121f  PORT4_IRQHandler                                 
0000121f  PORT6_IRQHandler                                 
0000121f  PSS_IRQHandler                                   
0000121f  PendSV_Handler                                   
0000121f  RTC_C_IRQHandler                                 
0000121f  SVC_Handler                                      
0000121f  SysTick_Handler                                  
0000121f  T32_INT1_IRQHandler                              
0000121f  T32_INT2_IRQHandler                              
0000121f  T32_INTC_IRQHandler                              
0000121f  TA0_N_IRQHandler                                 
0000121f  TA1_0_IRQHandler                                 
0000121f  TA1_N_IRQHandler                                 
0000121f  TA2_0_IRQHandler                                 
0000121f  TA2_N_IRQHandler                                 
0000121f  TA3_0_IRQHandler                                 
0000121f  TA3_N_IRQHandler                                 
0000121f  UsageFault_Handler                               
00001221  main                                             
00001d31  bmi160_config_running_mode                       
00002789  bmi160_read_fifo_header_data                     
00003159  bmi160_read_bmm150_mag_trim                      
00003605  minit                                            
00003685  malloc                                           
000036ef  free                                             
000037b1  realloc                                          
000038b9  memalign                                         
000039a5  calloc                                           
000039d5  bmi160_set_bmm150_mag_presetmode                 
00003d2d  HOSTwrite                                        
00003d79  HOSTunlink                                       
00003db1  HOSTtime64                                       
00003dff  HOSTtime                                         
00003e39  HOSTrename                                       
00003e97  HOSTread                                         
00003ee3  HOSTopen                                         
00003f35  HOSTlseek                                        
00003f91  HOSTgetenv                                       
00003fcf  HOSTclose                                        
00004007  HOSTclock                                        
00004051  write                                            
000040e1  remove                                           
000040e1  unlink                                           
00004105  rename                                           
00004143  remove_device                                    
0000416b  read                                             
0000418f  open                                             
0000423d  lseek                                            
00004261  close                                            
000042b1  add_device                                       
0000435d  bmi160_set_intr_enable_0                         
00004635  bmi160_bmm150_mag_interface_init                 
000048d1  bmi160_accel_foc_trigger_xyz                     
00004b21  exp2                                             
00004b21  exp2l                                            
00004d1d  __aeabi_uldivmod                                 
00004fd9  __TI_cleanup                                     
00005005  freopen                                          
0000502f  fopen                                            
000050d5  __aeabi_dsub                                     
000050df  __aeabi_dadd                                     
0000528b  __mpu_init                                       
0000528d  bme280_get_calib_param                           
0000542d  bme280_set_oversamp_humidity                     
000055c5  bmi160_set_foc_gyro_enable                       
00005751  bme280_set_power_mode                            
000058c9  bme280_set_oversamp_temperature                  
00005a35  bme280_set_standby_durn                          
00005b99  bmi160_bmm150_mag_set_power_mode                 
00005cf9  uartInit                                         
00005e55  bme280_set_oversamp_pressure                     
00005fad  bmi160_set_intr_enable_2                         
00006105  readBurstI2C                                     
00006249  readI2C                                          
00006385  __aeabi_ddiv                                     
000064bb  _system_post_cinit                               
000064bd  fputs                                            
000065c9  puts                                             
000065f1  bme280_compensate_pressure_int32                 
00006721  bmi160_set_bmm150_mag_and_secondary_if_power_mode
00006845  CS_getDCOFrequency                               
00006949  PORT1_IRQHandler                                 
00006949  PORT1_IRQHandler                                 
00006a45  __aeabi_dmul                                     
00006b41  ldexp                                            
00006b41  ldexpl                                           
00006b41  scalbn                                           
00006b41  scalbnl                                          
00006c3d  bmi160_set_intr_fifo_wm                          
00006d35  bmi160_set_intr_level                            
00006e2d  bmi160_set_output_enable                         
00006f25  bme280_data_readout_template                     
00007015  writeI2C                                         
00007105  EUSCIB1_IRQHandler                               
00007105  EUSCIB1_IRQHandler                               
000071f1  setvbuf                                          
000072cd  bmi160_bmm150_mag_wakeup                         
000073a1  sensorTmp007Read                                 
00007475  bmi160_set_gyro_output_data_rate                 
00007545  __TI_doflush                                     
00007591  fflush                                           
0000760d  bmi160_bmm150_mag_compensate_X                   
000076d1  bmi160_bmm150_mag_compensate_Y                   
00007795  bme280_compensate_humidity_int32                 
00007855  bmi160_read_mag_xyzr                             
00007915  bmi160_get_gyro_offset_compensation_yaxis        
000079d1  bmi160_get_gyro_offset_compensation_zaxis        
00007a8d  bmi160_get_gyro_offset_compensation_xaxis        
00007b45  setSystemClock                                   
00007bf9  __TI_wrt_ok                                      
00007c5b  __TI_rd_ok                                       
00007ca5  uartReceive                                      
00007d51  bmi160_set_mag_output_data_rate                  
00007df9  CS_startHFXTWithTimeout                          
00007e95  CS_startLFXTWithTimeout                          
00007fcd  __aeabi_memcpy                                   
00007fcd  __aeabi_memcpy4                                  
00007fcd  __aeabi_memcpy8                                  
00007fcd  memcpy                                           
00008069  bme280_read_uncomp_pressure_temperature_humidity 
00008101  bmi160_set_accel_output_data_rate                
00008199  pwmInit                                          
00008231  __TI_closefile                                   
00008297  fclose                                           
000082c9  fputc                                            
000082c9  putc                                             
0000834d  putchar                                          
00008361  bmi160_bmm150_mag_compensate_Z                   
000083f5  snprintf                                         
00008489  bmi160_set_accel_bw                              
00008519  bmi160_set_fifo_accel_enable                     
000085a9  bmi160_set_fifo_gyro_enable                      
00008639  bmi160_set_fifo_header_enable                    
000086c9  bmi160_set_fifo_mag_enable                       
00008759  bmi160_set_fifo_stop_on_full                     
000087e9  bmi160_set_fifo_time_enable                      
00008879  bmi160_set_gyro_bw                               
00008909  bmi160_set_gyro_sleep_state                      
00008999  bmi160_set_gyro_sleep_trigger                    
00008a29  bmi160_set_gyro_wakeup_intr                      
00008ab9  bmi160_set_gyro_wakeup_trigger                   
00008b49  bmi160_set_if_mode                               
00008bd9  bmi160_set_mag_manual_enable                     
00008c69  bmi160_set_paging_enable                         
00008cf9  bmi160_set_pullup_configuration                  
00008d89  bmi160_set_target_page                           
00008e19  __aeabi_cdcmpeq                                  
00008e19  __aeabi_cdcmple                                  
00008e9f  __aeabi_cdrcmple                                 
00008f25  bmi160_interrupt_configuration                   
00008fa5  bmi160_set_accel_offset_enable                   
00009025  bmi160_set_gyro_offset_enable                    
000090a5  bmi160_set_i2c_device_addr                       
00009125  bme280_compensate_temperature_int32              
000091a1  enableButtons                                    
0000921d  __aeabi_memclr                                   
0000921d  __aeabi_memclr4                                  
0000921d  __aeabi_memclr8                                  
0000921f  __aeabi_memset                                   
0000921f  __aeabi_memset4                                  
0000921f  __aeabi_memset8                                  
00009225  memset                                           
00009299  SystemInit                                       
00009311  bmi160_read_accel_xyz                            
00009389  bmi160_read_gyro_xyz                             
00009471  __TI_auto_init                                   
000094e9  printf                                           
00009551  sensorOpt3001Convert                             
000095c1  sensorTmp007Enable                               
00009631  __aeabi_d2f                                      
0000969f  __TI_decompress_lzss                             
00009709  __TI_writemsg                                    
00009737  C$$IO$$                                          
0000973b  __TI_readmsg                                     
00009771  bme280_read_pressure_temperature_humidity        
000097d5  bme280_read_uncomp_pressure                      
00009839  bme280_read_uncomp_temperature                   
0000989d  bmi160_init                                      
00009901  fseek                                            
00009965  frexp                                            
00009965  frexpl                                           
000099c9  sensorOpt3001Read                                
00009a2d  bme280_init                                      
00009a89  bme280_read_uncomp_humidity                      
00009ae5  ltoa                                             
00009b3d  bme280_get_power_mode                            
00009b91  bme280_get_standby_durn                          
00009be5  bmi160_get_foc_rdy                               
00009c39  bmi160_get_if_mode                               
00009c8d  bmi160_get_mag_manual_enable                     
00009ce1  bmi160_get_paging_enable                         
00009d35  bmi160_get_pullup_configuration                  
00009d89  bmi160_get_target_page                           
00009ddd  _c_int00                                         
00009e31  C$$EXIT                                          
00009e35  abort                                            
00009e3d  exit                                             
00009e85  bmi160_bmm150_mag_compensate_xyz                 
00009ed9  SysCtl_getTLVInfo                                
00009f29  bmi160_get_accel_offset_compensation_xaxis       
00009f79  bmi160_get_accel_offset_compensation_yaxis       
00009fc9  bmi160_get_accel_offset_compensation_zaxis       
0000a019  bmi160_get_mag_power_mode_stat                   
0000a069  sensorTmp007Convert                              
0000a0b9  GPIO_setAsPeripheralModuleFunctionOutputPin      
0000a151  bme280_read_register                             
0000a19d  bme280_write_register                            
0000a1e9  atoi                                             
0000a235  copy_in                                          
0000a281  sendText                                         
0000a315  bmi160_read_reg                                  
0000a35d  bmi160_write_reg                                 
0000a3a5  i2c_routine                                      
0000a3ed  __aeabi_d2iz                                     
0000a435  PORT5_IRQHandler                                 
0000a435  PORT5_IRQHandler                                 
0000a479  bme280_set_soft_rst                              
0000a4bd  __aeabi_d2uiz                                    
0000a501  bmi160_fifo_data                                 
0000a541  bmi160_set_command_register                      
0000a581  bmi160_set_fifo_wm                               
0000a5c1  bmi160_set_mag_read_addr                         
0000a601  bmi160_set_mag_write_addr                        
0000a641  bmi160_set_mag_write_data                        
0000a681  bmi160_initialize_sensor                         
0000a6bd  I2C_routine                                      
0000a6f5  getNewThrottle2                                  
0000a72d  getNewThrottle3                                  
0000a765  getNewThrottle4                                  
0000a79d  receiveText                                      
0000a7d5  __aeabi_f2d                                      
0000a80d  strncpy                                          
0000a845  throttleMotor1                                   
0000a875  throttleMotor2                                   
0000a8a5  throttleMotor3                                   
0000a8d5  bmi160_i2c_burst_read                            
0000a903  __aeabi_i2d                                      
0000a931  BME280_I2C_bus_read                              
0000a95d  BME280_I2C_bus_write                             
0000a989  bmi160_i2c_bus_read                              
0000a9b5  bmi160_i2c_bus_write                             
0000a9e1  getNewThrottle1                                  
0000aa0d  sensorOpt3001Enable                              
0000aa39  startCrystalOscillator                           
0000aa61  DelayMs                                          
0000aa89  CS_clearInterruptFlag                            
0000aaad  EUSCIA0_IRQHandler                               
0000aaad  EUSCIA0_IRQHandler                               
0000aad1  UART_transmitData                                
0000aaf5  WDT_A_IRQHandler                                 
0000aaf5  WDT_A_IRQHandler                                 
0000ab15  memchr                                           
0000ab35  __aeabi_ui2d                                     
0000ab55  movingAvg                                        
0000ab75  initI2C                                          
0000ab91  memccpy                                          
0000abad  CS_getMCLK                                       
0000abc5  CS_getSMCLK                                      
0000abdd  TA0_0_IRQHandler                                 
0000abdd  TA0_0_IRQHandler                                 
0000abf5  _args_main                                       
0000ac0d  strcmp                                           
0000ac25  strchr                                           
0000ac3d  CS_setExternalClockSourceFrequency               
0000ac51  _system_pre_init                                 
0000ac65  _register_unlock                                 
0000ac6b  _register_lock                                   
0000ac73  _nop                                             
0000ac79  copysign                                         
0000ac79  copysignl                                        
0000ac8d  strcpy                                           
0000aca1  strlen                                           
0000acb5  SysCtl_disableNMISource                          
0000acc5  SysCtl_enableNMISource                           
0000acd5  __TI_decompress_none                             
0000ace3  BME280_delay_msek                                
0000acef  Reset_Handler                                    
0000acfd  SysCtl_getNMISourceStatus                        
0000ad09  bmi160_delay_ms                                  
0000ad15  __TI_zero_init                                   
0000ad21  sensorOpt3001Init                                
0000ad2d  sensorTmp007Init                                 
0000ad37  CS_startHFXT                                     
0000ad3d  CS_startLFXT                                     
0000ad43  SysCtlDelay                                      
0000bd48  _ctypes_                                         
0000be49  wdtWakeUpPeriod                                  
0000be51  timeSamplesBME                                   
0000be57  timeSamplesBMI                                   
0000be5d  timeSamplesBMM                                   
0000be63  timeSamplesOPT                                   
0000be69  timeSamplesTMP                                   
0000bf54  __TI_Handler_Table_Base                          
0000bf60  __TI_Handler_Table_Limit                         
0000bf68  __TI_CINIT_Base                                  
0000bf78  __TI_CINIT_Limit                                 
20000000  accel_fifo                                       
2000036c  gyro_fifo                                        
200006d8  mag_fifo                                         
20000a44  __CIOBUF_                                        
20000b64  __TI_tmpnams                                     
20000c04  bme280                                           
20000c40  s_bmi160                                         
20000c64  s_magcompXYZ                                     
20000c78  accelxyz                                         
20000c7e  gyroxyz                                          
20000c84  s_accelXYZ                                       
20000c8a  s_gyroXYZ                                        
20000c9c  convertedLux                                     
20000ca0  g_ui32ByteCount                                  
20000cac  pData                                            
20000cb0  returnRslt                                       
20000cb4  tObjAmb                                          
20000cb8  tObjTemp                                         
20000cbe  deltaAccelX                                      
20000cc0  deltaAccelY                                      
20000cc2  deltaAccelZ                                      
20000cc4  gyroAbsX                                         
20000cc6  gyroAbsY                                         
20000cc8  gyroAbsZ                                         
20000cca  gyro_off_x                                       
20000ccc  gyro_off_y                                       
20000cce  gyro_off_z                                       
20000cd0  rawData                                          
20000cd2  rawObjTemp                                       
20000cd4  rawTemp                                          
20000cd6  accel_off_x                                      
20000cd7  accel_off_y                                      
20000cd8  accel_off_z                                      
20000cd9  returnValue                                      
20000cda  ui8DummyRead                                     
20000cdb  ui8Status                                        
20000cdc  v_fifo_data_u8                                   
200010dc  test                                             
2000140c  _ftable                                          
200015cc  sampleTimePeriodBMI                              
200015cd  sampleTimePeriodBMM                              
200015ce  sampleTimePeriodBME                              
200015cf  sampleTimePeriodTMP                              
200015d0  sampleTimePeriodOPT                              
200015d1  wdtWakeUpPeriodIndex                             
200015d4  g_s32ActualTemp                                  
200015d8  g_u32ActualPress                                 
200015dc  g_u32ActualHumity                                
200015e0  WDTcount                                         
200015e4  numMsgsRx                                        
200015e8  tempIndex                                        
200015ec  numChars                                         
200015f0  getGestures                                      
200015f4  dominant                                         
200015f8  prevAccelX                                       
200015fa  prevAccelY                                       
200015fc  prevAccelZ                                       
200015fe  prevGyroX                                        
20001600  prevGyroY                                        
20001602  prevGyroZ                                        
20001604  stillCount                                       
20001608  gyroAvgX                                         
2000160c  gyroAvgY                                         
20001610  gyroAvgZ                                         
20001614  accelAvgX                                        
20001618  accelAvgY                                        
2000161c  accelAvgZ                                        
20001620  BME_on                                           
20001621  BMI_on                                           
20001622  TMP_on                                           
20001623  OPT_on                                           
20001624  rxMsgData                                        
20001694  pwmConfigA1_1                                    
200016ac  pwmConfigA1_2                                    
200016c4  pwmConfigA1_3                                    
200016dc  pwmConfigA1_4                                    
200016f4  i2cConfig                                        
20001708  __TI_ft_end                                      
2000170c  __aeabi_stdin                                    
20001710  __aeabi_stdout                                   
20001714  __aeabi_stderr                                   
20001718  __TI_cleanup_ptr                                 
2000171c  __TI_dtors_ptr                                   
20001720  __TI_enable_exit_profile_output                  
20001730  _lock                                            
20001734  _unlock                                          
20001738  V_bmm150_maual_auto_condition_u8                 
2000173c  V_fifo_time_U32                                  
20001740  errno                                            
20001748  main_func_sp                                     
2000174c  burstMode                                        
20001750  _sys_memory                                      
2000f800  __stack                                          
20010000  __STACK_END                                      
4000480c  WDTCTL_SYM                                       
ffffffff  __TI_pprof_out_hndl                              
ffffffff  __TI_prof_data_size                              
ffffffff  __TI_prof_data_start                             
ffffffff  __binit__                                        
ffffffff  __c_args__                                       
ffffffff  binit                                            
UNDEFED   SHT$$INIT_ARRAY$$Base                            
UNDEFED   SHT$$INIT_ARRAY$$Limit                           

[431 symbols]
